Archive member included to satisfy reference by file (symbol)

c:/nxp/s32ds_arm_v2018.r1/cross_tools/gcc-6.3-arm32-eabi/bin/../lib/gcc/arm-none-eabi/6.3.1/thumb/v6-m\libgcc.a(_udivsi3.o)
                              ./Sources/helper_functions.o (__aeabi_uidiv)
c:/nxp/s32ds_arm_v2018.r1/cross_tools/gcc-6.3-arm32-eabi/bin/../lib/gcc/arm-none-eabi/6.3.1/thumb/v6-m\libgcc.a(_dvmd_tls.o)
                              c:/nxp/s32ds_arm_v2018.r1/cross_tools/gcc-6.3-arm32-eabi/bin/../lib/gcc/arm-none-eabi/6.3.1/thumb/v6-m\libgcc.a(_udivsi3.o) (__aeabi_idiv0)
C:/NXP/S32DS_ARM_v2018.R1/Cross_Tools/gcc-6.3-arm32-eabi/arm-none-eabi/newlib/lib/thumb/v6-m\libc_nano.a(lib_a-exit.o)
                              C:/NXP/S32DS_ARM_v2018.R1/Cross_Tools/gcc-6.3-arm32-eabi/arm-none-eabi/newlib/lib/thumb/v6-m/crt0.o (exit)
C:/NXP/S32DS_ARM_v2018.R1/Cross_Tools/gcc-6.3-arm32-eabi/arm-none-eabi/newlib/lib/thumb/v6-m\libc_nano.a(lib_a-impure.o)
                              C:/NXP/S32DS_ARM_v2018.R1/Cross_Tools/gcc-6.3-arm32-eabi/arm-none-eabi/newlib/lib/thumb/v6-m\libc_nano.a(lib_a-exit.o) (_global_impure_ptr)
C:/NXP/S32DS_ARM_v2018.R1/Cross_Tools/gcc-6.3-arm32-eabi/arm-none-eabi/newlib/lib/thumb/v6-m\libc_nano.a(lib_a-init.o)
                              C:/NXP/S32DS_ARM_v2018.R1/Cross_Tools/gcc-6.3-arm32-eabi/arm-none-eabi/newlib/lib/thumb/v6-m/crt0.o (__libc_init_array)
C:/NXP/S32DS_ARM_v2018.R1/Cross_Tools/gcc-6.3-arm32-eabi/arm-none-eabi/newlib/lib/thumb/v6-m\libc_nano.a(lib_a-memset.o)
                              C:/NXP/S32DS_ARM_v2018.R1/Cross_Tools/gcc-6.3-arm32-eabi/arm-none-eabi/newlib/lib/thumb/v6-m/crt0.o (memset)
C:/NXP/S32DS_ARM_v2018.R1/Cross_Tools/gcc-6.3-arm32-eabi/arm-none-eabi/newlib/lib/thumb/v6-m\libnosys.a(_exit.o)
                              C:/NXP/S32DS_ARM_v2018.R1/Cross_Tools/gcc-6.3-arm32-eabi/arm-none-eabi/newlib/lib/thumb/v6-m\libc_nano.a(lib_a-exit.o) (_exit)

Allocating common symbols
Common symbol       size              file

g_xtal0ClkFreq      0x4               ./SDK/platform/drivers/src/clock/S32K1xx/clock_S32K1xx.o
g_RtcClkInFreq      0x4               ./SDK/platform/drivers/src/clock/S32K1xx/clock_S32K1xx.o
g_TClkFreq          0xc               ./SDK/platform/drivers/src/clock/S32K1xx/clock_S32K1xx.o

Discarded input sections

 .text          0x00000000        0x0 c:/nxp/s32ds_arm_v2018.r1/cross_tools/gcc-6.3-arm32-eabi/bin/../lib/gcc/arm-none-eabi/6.3.1/thumb/v6-m/crti.o
 .data          0x00000000        0x0 c:/nxp/s32ds_arm_v2018.r1/cross_tools/gcc-6.3-arm32-eabi/bin/../lib/gcc/arm-none-eabi/6.3.1/thumb/v6-m/crti.o
 .bss           0x00000000        0x0 c:/nxp/s32ds_arm_v2018.r1/cross_tools/gcc-6.3-arm32-eabi/bin/../lib/gcc/arm-none-eabi/6.3.1/thumb/v6-m/crti.o
 .data          0x00000000        0x4 c:/nxp/s32ds_arm_v2018.r1/cross_tools/gcc-6.3-arm32-eabi/bin/../lib/gcc/arm-none-eabi/6.3.1/thumb/v6-m/crtbegin.o
 .text          0x00000000       0x78 C:/NXP/S32DS_ARM_v2018.R1/Cross_Tools/gcc-6.3-arm32-eabi/arm-none-eabi/newlib/lib/thumb/v6-m/crt0.o
 .data          0x00000000        0x0 C:/NXP/S32DS_ARM_v2018.R1/Cross_Tools/gcc-6.3-arm32-eabi/arm-none-eabi/newlib/lib/thumb/v6-m/crt0.o
 .bss           0x00000000        0x0 C:/NXP/S32DS_ARM_v2018.R1/Cross_Tools/gcc-6.3-arm32-eabi/arm-none-eabi/newlib/lib/thumb/v6-m/crt0.o
 .ARM.extab     0x00000000        0x0 C:/NXP/S32DS_ARM_v2018.R1/Cross_Tools/gcc-6.3-arm32-eabi/arm-none-eabi/newlib/lib/thumb/v6-m/crt0.o
 .ARM.exidx     0x00000000        0x8 C:/NXP/S32DS_ARM_v2018.R1/Cross_Tools/gcc-6.3-arm32-eabi/arm-none-eabi/newlib/lib/thumb/v6-m/crt0.o
 .ARM.attributes
                0x00000000       0x1b C:/NXP/S32DS_ARM_v2018.R1/Cross_Tools/gcc-6.3-arm32-eabi/arm-none-eabi/newlib/lib/thumb/v6-m/crt0.o
 .group         0x00000000        0x8 ./Sources/main.o
 .group         0x00000000        0x8 ./Sources/main.o
 .group         0x00000000        0x8 ./Sources/main.o
 .group         0x00000000        0x8 ./Sources/main.o
 .group         0x00000000        0x8 ./Sources/main.o
 .group         0x00000000        0x8 ./Sources/main.o
 .group         0x00000000        0x8 ./Sources/main.o
 .group         0x00000000        0x8 ./Sources/main.o
 .group         0x00000000        0x8 ./Sources/main.o
 .group         0x00000000        0x8 ./Sources/main.o
 .group         0x00000000        0x8 ./Sources/main.o
 .group         0x00000000        0x8 ./Sources/main.o
 .group         0x00000000        0x8 ./Sources/main.o
 .group         0x00000000        0x8 ./Sources/main.o
 .group         0x00000000        0x8 ./Sources/main.o
 .group         0x00000000        0x8 ./Sources/main.o
 .group         0x00000000        0x8 ./Sources/main.o
 .group         0x00000000        0x8 ./Sources/main.o
 .text          0x00000000        0x0 ./Sources/main.o
 .data          0x00000000        0x0 ./Sources/main.o
 .bss           0x00000000        0x0 ./Sources/main.o
 .bss.exit_code
                0x00000000        0x4 ./Sources/main.o
 .group         0x00000000        0x8 ./Sources/helper_functions.o
 .group         0x00000000        0x8 ./Sources/helper_functions.o
 .group         0x00000000        0x8 ./Sources/helper_functions.o
 .group         0x00000000        0x8 ./Sources/helper_functions.o
 .group         0x00000000        0x8 ./Sources/helper_functions.o
 .group         0x00000000        0x8 ./Sources/helper_functions.o
 .group         0x00000000        0x8 ./Sources/helper_functions.o
 .group         0x00000000        0x8 ./Sources/helper_functions.o
 .group         0x00000000        0x8 ./Sources/helper_functions.o
 .group         0x00000000        0x8 ./Sources/helper_functions.o
 .group         0x00000000        0x8 ./Sources/helper_functions.o
 .group         0x00000000        0x8 ./Sources/helper_functions.o
 .group         0x00000000        0x8 ./Sources/helper_functions.o
 .group         0x00000000        0x8 ./Sources/helper_functions.o
 .group         0x00000000        0x8 ./Sources/helper_functions.o
 .group         0x00000000        0x8 ./Sources/helper_functions.o
 .text          0x00000000        0x0 ./Sources/helper_functions.o
 .data          0x00000000        0x0 ./Sources/helper_functions.o
 .bss           0x00000000        0x0 ./Sources/helper_functions.o
 .debug_macro   0x00000000      0x8c2 ./Sources/helper_functions.o
 .debug_macro   0x00000000       0x22 ./Sources/helper_functions.o
 .debug_macro   0x00000000       0x4f ./Sources/helper_functions.o
 .debug_macro   0x00000000       0x51 ./Sources/helper_functions.o
 .debug_macro   0x00000000       0xef ./Sources/helper_functions.o
 .debug_macro   0x00000000       0x6a ./Sources/helper_functions.o
 .debug_macro   0x00000000      0x1df ./Sources/helper_functions.o
 .debug_macro   0x00000000       0x10 ./Sources/helper_functions.o
 .debug_macro   0x00000000       0x6b ./Sources/helper_functions.o
 .debug_macro   0x00000000      0x87f ./Sources/helper_functions.o
 .debug_macro   0x00000000       0x22 ./Sources/helper_functions.o
 .debug_macro   0x00000000       0x83 ./Sources/helper_functions.o
 .debug_macro   0x00000000       0x22 ./Sources/helper_functions.o
 .debug_macro   0x00000000       0x16 ./Sources/helper_functions.o
 .debug_macro   0x00000000      0x16d ./Sources/helper_functions.o
 .group         0x00000000        0x8 ./SDK/platform/drivers/src/pins/pins_port_hw_access.o
 .group         0x00000000        0x8 ./SDK/platform/drivers/src/pins/pins_port_hw_access.o
 .group         0x00000000        0x8 ./SDK/platform/drivers/src/pins/pins_port_hw_access.o
 .group         0x00000000        0x8 ./SDK/platform/drivers/src/pins/pins_port_hw_access.o
 .group         0x00000000        0x8 ./SDK/platform/drivers/src/pins/pins_port_hw_access.o
 .group         0x00000000        0x8 ./SDK/platform/drivers/src/pins/pins_port_hw_access.o
 .group         0x00000000        0x8 ./SDK/platform/drivers/src/pins/pins_port_hw_access.o
 .group         0x00000000        0x8 ./SDK/platform/drivers/src/pins/pins_port_hw_access.o
 .group         0x00000000        0x8 ./SDK/platform/drivers/src/pins/pins_port_hw_access.o
 .group         0x00000000        0x8 ./SDK/platform/drivers/src/pins/pins_port_hw_access.o
 .group         0x00000000        0x8 ./SDK/platform/drivers/src/pins/pins_port_hw_access.o
 .group         0x00000000        0x8 ./SDK/platform/drivers/src/pins/pins_port_hw_access.o
 .group         0x00000000        0x8 ./SDK/platform/drivers/src/pins/pins_port_hw_access.o
 .group         0x00000000        0x8 ./SDK/platform/drivers/src/pins/pins_port_hw_access.o
 .text          0x00000000        0x0 ./SDK/platform/drivers/src/pins/pins_port_hw_access.o
 .data          0x00000000        0x0 ./SDK/platform/drivers/src/pins/pins_port_hw_access.o
 .bss           0x00000000        0x0 ./SDK/platform/drivers/src/pins/pins_port_hw_access.o
 .text.PINS_SetGlobalPinControl
                0x00000000       0x2c ./SDK/platform/drivers/src/pins/pins_port_hw_access.o
 .text.PINS_SetGlobalIntControl
                0x00000000       0x26 ./SDK/platform/drivers/src/pins/pins_port_hw_access.o
 .debug_macro   0x00000000      0x8c2 ./SDK/platform/drivers/src/pins/pins_port_hw_access.o
 .debug_macro   0x00000000      0x16d ./SDK/platform/drivers/src/pins/pins_port_hw_access.o
 .debug_macro   0x00000000       0x10 ./SDK/platform/drivers/src/pins/pins_port_hw_access.o
 .debug_macro   0x00000000       0x6b ./SDK/platform/drivers/src/pins/pins_port_hw_access.o
 .debug_macro   0x00000000       0x16 ./SDK/platform/drivers/src/pins/pins_port_hw_access.o
 .debug_macro   0x00000000       0x22 ./SDK/platform/drivers/src/pins/pins_port_hw_access.o
 .debug_macro   0x00000000       0x4f ./SDK/platform/drivers/src/pins/pins_port_hw_access.o
 .debug_macro   0x00000000       0x51 ./SDK/platform/drivers/src/pins/pins_port_hw_access.o
 .debug_macro   0x00000000       0xef ./SDK/platform/drivers/src/pins/pins_port_hw_access.o
 .debug_macro   0x00000000       0x6a ./SDK/platform/drivers/src/pins/pins_port_hw_access.o
 .debug_macro   0x00000000      0x1df ./SDK/platform/drivers/src/pins/pins_port_hw_access.o
 .debug_macro   0x00000000     0xc64c ./SDK/platform/drivers/src/pins/pins_port_hw_access.o
 .debug_macro   0x00000000      0x87f ./SDK/platform/drivers/src/pins/pins_port_hw_access.o
 .debug_macro   0x00000000       0x22 ./SDK/platform/drivers/src/pins/pins_port_hw_access.o
 .group         0x00000000        0x8 ./SDK/platform/drivers/src/pins/pins_driver.o
 .group         0x00000000        0x8 ./SDK/platform/drivers/src/pins/pins_driver.o
 .group         0x00000000        0x8 ./SDK/platform/drivers/src/pins/pins_driver.o
 .group         0x00000000        0x8 ./SDK/platform/drivers/src/pins/pins_driver.o
 .group         0x00000000        0x8 ./SDK/platform/drivers/src/pins/pins_driver.o
 .group         0x00000000        0x8 ./SDK/platform/drivers/src/pins/pins_driver.o
 .group         0x00000000        0x8 ./SDK/platform/drivers/src/pins/pins_driver.o
 .group         0x00000000        0x8 ./SDK/platform/drivers/src/pins/pins_driver.o
 .group         0x00000000        0x8 ./SDK/platform/drivers/src/pins/pins_driver.o
 .group         0x00000000        0x8 ./SDK/platform/drivers/src/pins/pins_driver.o
 .group         0x00000000        0x8 ./SDK/platform/drivers/src/pins/pins_driver.o
 .group         0x00000000        0x8 ./SDK/platform/drivers/src/pins/pins_driver.o
 .group         0x00000000        0x8 ./SDK/platform/drivers/src/pins/pins_driver.o
 .group         0x00000000        0x8 ./SDK/platform/drivers/src/pins/pins_driver.o
 .text          0x00000000        0x0 ./SDK/platform/drivers/src/pins/pins_driver.o
 .data          0x00000000        0x0 ./SDK/platform/drivers/src/pins/pins_driver.o
 .bss           0x00000000        0x0 ./SDK/platform/drivers/src/pins/pins_driver.o
 .text.PINS_DRV_SetPullSel
                0x00000000       0x52 ./SDK/platform/drivers/src/pins/pins_driver.o
 .text.PINS_DRV_SetMuxModeSel
                0x00000000       0x34 ./SDK/platform/drivers/src/pins/pins_driver.o
 .text.PINS_DRV_SetPinIntSel
                0x00000000       0x34 ./SDK/platform/drivers/src/pins/pins_driver.o
 .text.PINS_DRV_GetPinIntSel
                0x00000000       0x1c ./SDK/platform/drivers/src/pins/pins_driver.o
 .text.PINS_DRV_ClearPinIntFlagCmd
                0x00000000       0x2c ./SDK/platform/drivers/src/pins/pins_driver.o
 .text.PINS_DRV_EnableDigitalFilter
                0x00000000       0x22 ./SDK/platform/drivers/src/pins/pins_driver.o
 .text.PINS_DRV_DisableDigitalFilter
                0x00000000       0x22 ./SDK/platform/drivers/src/pins/pins_driver.o
 .text.PINS_DRV_ConfigDigitalFilter
                0x00000000       0x2c ./SDK/platform/drivers/src/pins/pins_driver.o
 .text.PINS_DRV_GetPortIntFlag
                0x00000000        0x6 ./SDK/platform/drivers/src/pins/pins_driver.o
 .text.PINS_DRV_ClearPortIntFlagCmd
                0x00000000        0xa ./SDK/platform/drivers/src/pins/pins_driver.o
 .text.PINS_DRV_GetPinsDirection
                0x00000000        0x4 ./SDK/platform/drivers/src/pins/pins_driver.o
 .text.PINS_DRV_SetPinsDirection
                0x00000000        0x4 ./SDK/platform/drivers/src/pins/pins_driver.o
 .text.PINS_DRV_SetGlobalPinControl
                0x00000000        0x8 ./SDK/platform/drivers/src/pins/pins_driver.o
 .text.PINS_DRV_SetGlobalIntControl
                0x00000000        0x8 ./SDK/platform/drivers/src/pins/pins_driver.o
 .text.PINS_DRV_WritePin
                0x00000000       0x12 ./SDK/platform/drivers/src/pins/pins_driver.o
 .text.PINS_DRV_WritePins
                0x00000000        0x4 ./SDK/platform/drivers/src/pins/pins_driver.o
 .text.PINS_DRV_GetPinsOutput
                0x00000000        0x4 ./SDK/platform/drivers/src/pins/pins_driver.o
 .text.PINS_DRV_SetPins
                0x00000000        0x4 ./SDK/platform/drivers/src/pins/pins_driver.o
 .text.PINS_DRV_ReadPins
                0x00000000        0x4 ./SDK/platform/drivers/src/pins/pins_driver.o
 .debug_macro   0x00000000      0x8c2 ./SDK/platform/drivers/src/pins/pins_driver.o
 .debug_macro   0x00000000       0x10 ./SDK/platform/drivers/src/pins/pins_driver.o
 .debug_macro   0x00000000       0x6b ./SDK/platform/drivers/src/pins/pins_driver.o
 .debug_macro   0x00000000       0x16 ./SDK/platform/drivers/src/pins/pins_driver.o
 .debug_macro   0x00000000       0x22 ./SDK/platform/drivers/src/pins/pins_driver.o
 .debug_macro   0x00000000       0x4f ./SDK/platform/drivers/src/pins/pins_driver.o
 .debug_macro   0x00000000       0x51 ./SDK/platform/drivers/src/pins/pins_driver.o
 .debug_macro   0x00000000       0xef ./SDK/platform/drivers/src/pins/pins_driver.o
 .debug_macro   0x00000000       0x6a ./SDK/platform/drivers/src/pins/pins_driver.o
 .debug_macro   0x00000000      0x1df ./SDK/platform/drivers/src/pins/pins_driver.o
 .debug_macro   0x00000000     0xc64c ./SDK/platform/drivers/src/pins/pins_driver.o
 .debug_macro   0x00000000      0x87f ./SDK/platform/drivers/src/pins/pins_driver.o
 .debug_macro   0x00000000       0x22 ./SDK/platform/drivers/src/pins/pins_driver.o
 .debug_macro   0x00000000      0x16d ./SDK/platform/drivers/src/pins/pins_driver.o
 .group         0x00000000        0x8 ./SDK/platform/drivers/src/pdb/pdb_hw_access.o
 .group         0x00000000        0x8 ./SDK/platform/drivers/src/pdb/pdb_hw_access.o
 .group         0x00000000        0x8 ./SDK/platform/drivers/src/pdb/pdb_hw_access.o
 .group         0x00000000        0x8 ./SDK/platform/drivers/src/pdb/pdb_hw_access.o
 .group         0x00000000        0x8 ./SDK/platform/drivers/src/pdb/pdb_hw_access.o
 .group         0x00000000        0x8 ./SDK/platform/drivers/src/pdb/pdb_hw_access.o
 .group         0x00000000        0x8 ./SDK/platform/drivers/src/pdb/pdb_hw_access.o
 .group         0x00000000        0x8 ./SDK/platform/drivers/src/pdb/pdb_hw_access.o
 .group         0x00000000        0x8 ./SDK/platform/drivers/src/pdb/pdb_hw_access.o
 .group         0x00000000        0x8 ./SDK/platform/drivers/src/pdb/pdb_hw_access.o
 .group         0x00000000        0x8 ./SDK/platform/drivers/src/pdb/pdb_hw_access.o
 .group         0x00000000        0x8 ./SDK/platform/drivers/src/pdb/pdb_hw_access.o
 .group         0x00000000        0x8 ./SDK/platform/drivers/src/pdb/pdb_hw_access.o
 .group         0x00000000        0x8 ./SDK/platform/drivers/src/pdb/pdb_hw_access.o
 .group         0x00000000        0x8 ./SDK/platform/drivers/src/pdb/pdb_hw_access.o
 .text          0x00000000        0x0 ./SDK/platform/drivers/src/pdb/pdb_hw_access.o
 .data          0x00000000        0x0 ./SDK/platform/drivers/src/pdb/pdb_hw_access.o
 .bss           0x00000000        0x0 ./SDK/platform/drivers/src/pdb/pdb_hw_access.o
 .text.PDB_SetAdcPreTriggerBackToBackEnable
                0x00000000       0x4c ./SDK/platform/drivers/src/pdb/pdb_hw_access.o
 .text.PDB_SetAdcPreTriggerOutputEnable
                0x00000000       0x44 ./SDK/platform/drivers/src/pdb/pdb_hw_access.o
 .text.PDB_SetAdcPreTriggerEnable
                0x00000000       0x44 ./SDK/platform/drivers/src/pdb/pdb_hw_access.o
 .text.PDB_ClearAdcPreTriggerFlags
                0x00000000       0x3a ./SDK/platform/drivers/src/pdb/pdb_hw_access.o
 .text.PDB_ClearAdcPreTriggerSeqErrFlags
                0x00000000       0x3a ./SDK/platform/drivers/src/pdb/pdb_hw_access.o
 .text.PDB_SetCmpPulseOutEnable
                0x00000000       0x28 ./SDK/platform/drivers/src/pdb/pdb_hw_access.o
 .debug_macro   0x00000000      0x8c2 ./SDK/platform/drivers/src/pdb/pdb_hw_access.o
 .debug_macro   0x00000000      0x16d ./SDK/platform/drivers/src/pdb/pdb_hw_access.o
 .debug_macro   0x00000000       0x22 ./SDK/platform/drivers/src/pdb/pdb_hw_access.o
 .debug_macro   0x00000000       0x4f ./SDK/platform/drivers/src/pdb/pdb_hw_access.o
 .debug_macro   0x00000000       0x51 ./SDK/platform/drivers/src/pdb/pdb_hw_access.o
 .debug_macro   0x00000000       0xef ./SDK/platform/drivers/src/pdb/pdb_hw_access.o
 .debug_macro   0x00000000       0x6a ./SDK/platform/drivers/src/pdb/pdb_hw_access.o
 .debug_macro   0x00000000      0x1df ./SDK/platform/drivers/src/pdb/pdb_hw_access.o
 .debug_macro   0x00000000       0x22 ./SDK/platform/drivers/src/pdb/pdb_hw_access.o
 .debug_macro   0x00000000       0x10 ./SDK/platform/drivers/src/pdb/pdb_hw_access.o
 .debug_macro   0x00000000       0x6b ./SDK/platform/drivers/src/pdb/pdb_hw_access.o
 .debug_macro   0x00000000     0xc65e ./SDK/platform/drivers/src/pdb/pdb_hw_access.o
 .debug_macro   0x00000000      0x87f ./SDK/platform/drivers/src/pdb/pdb_hw_access.o
 .debug_macro   0x00000000       0x83 ./SDK/platform/drivers/src/pdb/pdb_hw_access.o
 .group         0x00000000        0x8 ./SDK/platform/drivers/src/pdb/pdb_driver.o
 .group         0x00000000        0x8 ./SDK/platform/drivers/src/pdb/pdb_driver.o
 .group         0x00000000        0x8 ./SDK/platform/drivers/src/pdb/pdb_driver.o
 .group         0x00000000        0x8 ./SDK/platform/drivers/src/pdb/pdb_driver.o
 .group         0x00000000        0x8 ./SDK/platform/drivers/src/pdb/pdb_driver.o
 .group         0x00000000        0x8 ./SDK/platform/drivers/src/pdb/pdb_driver.o
 .group         0x00000000        0x8 ./SDK/platform/drivers/src/pdb/pdb_driver.o
 .group         0x00000000        0x8 ./SDK/platform/drivers/src/pdb/pdb_driver.o
 .group         0x00000000        0x8 ./SDK/platform/drivers/src/pdb/pdb_driver.o
 .group         0x00000000        0x8 ./SDK/platform/drivers/src/pdb/pdb_driver.o
 .group         0x00000000        0x8 ./SDK/platform/drivers/src/pdb/pdb_driver.o
 .group         0x00000000        0x8 ./SDK/platform/drivers/src/pdb/pdb_driver.o
 .group         0x00000000        0x8 ./SDK/platform/drivers/src/pdb/pdb_driver.o
 .group         0x00000000        0x8 ./SDK/platform/drivers/src/pdb/pdb_driver.o
 .group         0x00000000        0x8 ./SDK/platform/drivers/src/pdb/pdb_driver.o
 .text          0x00000000        0x0 ./SDK/platform/drivers/src/pdb/pdb_driver.o
 .data          0x00000000        0x0 ./SDK/platform/drivers/src/pdb/pdb_driver.o
 .bss           0x00000000        0x0 ./SDK/platform/drivers/src/pdb/pdb_driver.o
 .text.PDB_DRV_Deinit
                0x00000000       0x20 ./SDK/platform/drivers/src/pdb/pdb_driver.o
 .text.PDB_DRV_GetDefaultConfig
                0x00000000       0x1c ./SDK/platform/drivers/src/pdb/pdb_driver.o
 .text.PDB_DRV_Disable
                0x00000000       0x18 ./SDK/platform/drivers/src/pdb/pdb_driver.o
 .text.PDB_DRV_GetTimerValue
                0x00000000       0x18 ./SDK/platform/drivers/src/pdb/pdb_driver.o
 .text.PDB_DRV_GetTimerIntFlag
                0x00000000       0x18 ./SDK/platform/drivers/src/pdb/pdb_driver.o
 .text.PDB_DRV_ConfigAdcPreTrigger
                0x00000000       0x64 ./SDK/platform/drivers/src/pdb/pdb_driver.o
 .text.PDB_DRV_GetAdcPreTriggerFlags
                0x00000000       0x40 ./SDK/platform/drivers/src/pdb/pdb_driver.o
 .text.PDB_DRV_ClearAdcPreTriggerFlags
                0x00000000       0x28 ./SDK/platform/drivers/src/pdb/pdb_driver.o
 .text.PDB_DRV_GetAdcPreTriggerSeqErrFlags
                0x00000000       0x3c ./SDK/platform/drivers/src/pdb/pdb_driver.o
 .text.PDB_DRV_ClearAdcPreTriggerSeqErrFlags
                0x00000000       0x28 ./SDK/platform/drivers/src/pdb/pdb_driver.o
 .text.PDB_DRV_SetAdcPreTriggerDelayValue
                0x00000000       0x5c ./SDK/platform/drivers/src/pdb/pdb_driver.o
 .text.PDB_DRV_SetCmpPulseOutEnable
                0x00000000       0x18 ./SDK/platform/drivers/src/pdb/pdb_driver.o
 .text.PDB_DRV_SetCmpPulseOutDelayForHigh
                0x00000000       0x30 ./SDK/platform/drivers/src/pdb/pdb_driver.o
 .text.PDB_DRV_SetCmpPulseOutDelayForLow
                0x00000000       0x30 ./SDK/platform/drivers/src/pdb/pdb_driver.o
 .debug_macro   0x00000000      0x8c2 ./SDK/platform/drivers/src/pdb/pdb_driver.o
 .debug_macro   0x00000000       0x22 ./SDK/platform/drivers/src/pdb/pdb_driver.o
 .debug_macro   0x00000000       0x4f ./SDK/platform/drivers/src/pdb/pdb_driver.o
 .debug_macro   0x00000000       0x51 ./SDK/platform/drivers/src/pdb/pdb_driver.o
 .debug_macro   0x00000000       0xef ./SDK/platform/drivers/src/pdb/pdb_driver.o
 .debug_macro   0x00000000       0x6a ./SDK/platform/drivers/src/pdb/pdb_driver.o
 .debug_macro   0x00000000      0x1df ./SDK/platform/drivers/src/pdb/pdb_driver.o
 .debug_macro   0x00000000       0x22 ./SDK/platform/drivers/src/pdb/pdb_driver.o
 .debug_macro   0x00000000       0x10 ./SDK/platform/drivers/src/pdb/pdb_driver.o
 .debug_macro   0x00000000       0x6b ./SDK/platform/drivers/src/pdb/pdb_driver.o
 .debug_macro   0x00000000     0xc65e ./SDK/platform/drivers/src/pdb/pdb_driver.o
 .debug_macro   0x00000000      0x87f ./SDK/platform/drivers/src/pdb/pdb_driver.o
 .debug_macro   0x00000000       0x10 ./SDK/platform/drivers/src/pdb/pdb_driver.o
 .debug_macro   0x00000000       0x83 ./SDK/platform/drivers/src/pdb/pdb_driver.o
 .debug_macro   0x00000000      0x16d ./SDK/platform/drivers/src/pdb/pdb_driver.o
 .group         0x00000000        0x8 ./SDK/platform/drivers/src/interrupt/interrupt_manager.o
 .group         0x00000000        0x8 ./SDK/platform/drivers/src/interrupt/interrupt_manager.o
 .group         0x00000000        0x8 ./SDK/platform/drivers/src/interrupt/interrupt_manager.o
 .group         0x00000000        0x8 ./SDK/platform/drivers/src/interrupt/interrupt_manager.o
 .group         0x00000000        0x8 ./SDK/platform/drivers/src/interrupt/interrupt_manager.o
 .group         0x00000000        0x8 ./SDK/platform/drivers/src/interrupt/interrupt_manager.o
 .group         0x00000000        0x8 ./SDK/platform/drivers/src/interrupt/interrupt_manager.o
 .group         0x00000000        0x8 ./SDK/platform/drivers/src/interrupt/interrupt_manager.o
 .group         0x00000000        0x8 ./SDK/platform/drivers/src/interrupt/interrupt_manager.o
 .group         0x00000000        0x8 ./SDK/platform/drivers/src/interrupt/interrupt_manager.o
 .group         0x00000000        0x8 ./SDK/platform/drivers/src/interrupt/interrupt_manager.o
 .group         0x00000000        0x8 ./SDK/platform/drivers/src/interrupt/interrupt_manager.o
 .group         0x00000000        0x8 ./SDK/platform/drivers/src/interrupt/interrupt_manager.o
 .text          0x00000000        0x0 ./SDK/platform/drivers/src/interrupt/interrupt_manager.o
 .data          0x00000000        0x0 ./SDK/platform/drivers/src/interrupt/interrupt_manager.o
 .bss           0x00000000        0x0 ./SDK/platform/drivers/src/interrupt/interrupt_manager.o
 .text.INT_SYS_InstallHandler
                0x00000000       0x64 ./SDK/platform/drivers/src/interrupt/interrupt_manager.o
 .text.INT_SYS_SetPriority
                0x00000000       0xa0 ./SDK/platform/drivers/src/interrupt/interrupt_manager.o
 .text.INT_SYS_GetPriority
                0x00000000       0x68 ./SDK/platform/drivers/src/interrupt/interrupt_manager.o
 .text.INT_SYS_ClearPending
                0x00000000       0x34 ./SDK/platform/drivers/src/interrupt/interrupt_manager.o
 .text.INT_SYS_SetPending
                0x00000000       0x34 ./SDK/platform/drivers/src/interrupt/interrupt_manager.o
 .text.INT_SYS_GetPending
                0x00000000       0x38 ./SDK/platform/drivers/src/interrupt/interrupt_manager.o
 .debug_macro   0x00000000      0x8c2 ./SDK/platform/drivers/src/interrupt/interrupt_manager.o
 .debug_macro   0x00000000       0x10 ./SDK/platform/drivers/src/interrupt/interrupt_manager.o
 .debug_macro   0x00000000       0x6b ./SDK/platform/drivers/src/interrupt/interrupt_manager.o
 .debug_macro   0x00000000       0x16 ./SDK/platform/drivers/src/interrupt/interrupt_manager.o
 .debug_macro   0x00000000       0x22 ./SDK/platform/drivers/src/interrupt/interrupt_manager.o
 .debug_macro   0x00000000       0x4f ./SDK/platform/drivers/src/interrupt/interrupt_manager.o
 .debug_macro   0x00000000       0x51 ./SDK/platform/drivers/src/interrupt/interrupt_manager.o
 .debug_macro   0x00000000       0xef ./SDK/platform/drivers/src/interrupt/interrupt_manager.o
 .debug_macro   0x00000000       0x6a ./SDK/platform/drivers/src/interrupt/interrupt_manager.o
 .debug_macro   0x00000000      0x1df ./SDK/platform/drivers/src/interrupt/interrupt_manager.o
 .debug_macro   0x00000000     0xc64c ./SDK/platform/drivers/src/interrupt/interrupt_manager.o
 .debug_macro   0x00000000      0x87f ./SDK/platform/drivers/src/interrupt/interrupt_manager.o
 .debug_macro   0x00000000       0x22 ./SDK/platform/drivers/src/interrupt/interrupt_manager.o
 .group         0x00000000        0x8 ./SDK/platform/drivers/src/clock/clock_manager.o
 .group         0x00000000        0x8 ./SDK/platform/drivers/src/clock/clock_manager.o
 .group         0x00000000        0x8 ./SDK/platform/drivers/src/clock/clock_manager.o
 .group         0x00000000        0x8 ./SDK/platform/drivers/src/clock/clock_manager.o
 .group         0x00000000        0x8 ./SDK/platform/drivers/src/clock/clock_manager.o
 .group         0x00000000        0x8 ./SDK/platform/drivers/src/clock/clock_manager.o
 .group         0x00000000        0x8 ./SDK/platform/drivers/src/clock/clock_manager.o
 .group         0x00000000        0x8 ./SDK/platform/drivers/src/clock/clock_manager.o
 .group         0x00000000        0x8 ./SDK/platform/drivers/src/clock/clock_manager.o
 .group         0x00000000        0x8 ./SDK/platform/drivers/src/clock/clock_manager.o
 .group         0x00000000        0x8 ./SDK/platform/drivers/src/clock/clock_manager.o
 .group         0x00000000        0x8 ./SDK/platform/drivers/src/clock/clock_manager.o
 .group         0x00000000        0x8 ./SDK/platform/drivers/src/clock/clock_manager.o
 .group         0x00000000        0x8 ./SDK/platform/drivers/src/clock/clock_manager.o
 .group         0x00000000        0x8 ./SDK/platform/drivers/src/clock/clock_manager.o
 .text          0x00000000        0x0 ./SDK/platform/drivers/src/clock/clock_manager.o
 .data          0x00000000        0x0 ./SDK/platform/drivers/src/clock/clock_manager.o
 .bss           0x00000000        0x0 ./SDK/platform/drivers/src/clock/clock_manager.o
 .text.CLOCK_SYS_GetCurrentConfiguration
                0x00000000        0xc ./SDK/platform/drivers/src/clock/clock_manager.o
 .text.CLOCK_SYS_GetErrorCallback
                0x00000000       0x1c ./SDK/platform/drivers/src/clock/clock_manager.o
 .debug_macro   0x00000000      0x8c2 ./SDK/platform/drivers/src/clock/clock_manager.o
 .debug_macro   0x00000000      0x16d ./SDK/platform/drivers/src/clock/clock_manager.o
 .debug_macro   0x00000000       0x10 ./SDK/platform/drivers/src/clock/clock_manager.o
 .debug_macro   0x00000000       0x6b ./SDK/platform/drivers/src/clock/clock_manager.o
 .debug_macro   0x00000000       0x16 ./SDK/platform/drivers/src/clock/clock_manager.o
 .debug_macro   0x00000000       0x22 ./SDK/platform/drivers/src/clock/clock_manager.o
 .debug_macro   0x00000000       0x4f ./SDK/platform/drivers/src/clock/clock_manager.o
 .debug_macro   0x00000000       0x51 ./SDK/platform/drivers/src/clock/clock_manager.o
 .debug_macro   0x00000000       0xef ./SDK/platform/drivers/src/clock/clock_manager.o
 .debug_macro   0x00000000       0x6a ./SDK/platform/drivers/src/clock/clock_manager.o
 .debug_macro   0x00000000      0x1df ./SDK/platform/drivers/src/clock/clock_manager.o
 .debug_macro   0x00000000     0xc64c ./SDK/platform/drivers/src/clock/clock_manager.o
 .debug_macro   0x00000000      0x87f ./SDK/platform/drivers/src/clock/clock_manager.o
 .debug_macro   0x00000000       0x22 ./SDK/platform/drivers/src/clock/clock_manager.o
 .debug_macro   0x00000000       0x83 ./SDK/platform/drivers/src/clock/clock_manager.o
 .group         0x00000000        0x8 ./SDK/platform/drivers/src/clock/S32K1xx/clock_S32K1xx.o
 .group         0x00000000        0x8 ./SDK/platform/drivers/src/clock/S32K1xx/clock_S32K1xx.o
 .group         0x00000000        0x8 ./SDK/platform/drivers/src/clock/S32K1xx/clock_S32K1xx.o
 .group         0x00000000        0x8 ./SDK/platform/drivers/src/clock/S32K1xx/clock_S32K1xx.o
 .group         0x00000000        0x8 ./SDK/platform/drivers/src/clock/S32K1xx/clock_S32K1xx.o
 .group         0x00000000        0x8 ./SDK/platform/drivers/src/clock/S32K1xx/clock_S32K1xx.o
 .group         0x00000000        0x8 ./SDK/platform/drivers/src/clock/S32K1xx/clock_S32K1xx.o
 .group         0x00000000        0x8 ./SDK/platform/drivers/src/clock/S32K1xx/clock_S32K1xx.o
 .group         0x00000000        0x8 ./SDK/platform/drivers/src/clock/S32K1xx/clock_S32K1xx.o
 .group         0x00000000        0x8 ./SDK/platform/drivers/src/clock/S32K1xx/clock_S32K1xx.o
 .group         0x00000000        0x8 ./SDK/platform/drivers/src/clock/S32K1xx/clock_S32K1xx.o
 .group         0x00000000        0x8 ./SDK/platform/drivers/src/clock/S32K1xx/clock_S32K1xx.o
 .group         0x00000000        0x8 ./SDK/platform/drivers/src/clock/S32K1xx/clock_S32K1xx.o
 .group         0x00000000        0x8 ./SDK/platform/drivers/src/clock/S32K1xx/clock_S32K1xx.o
 .group         0x00000000        0x8 ./SDK/platform/drivers/src/clock/S32K1xx/clock_S32K1xx.o
 .text          0x00000000        0x0 ./SDK/platform/drivers/src/clock/S32K1xx/clock_S32K1xx.o
 .data          0x00000000        0x0 ./SDK/platform/drivers/src/clock/S32K1xx/clock_S32K1xx.o
 .bss           0x00000000        0x0 ./SDK/platform/drivers/src/clock/S32K1xx/clock_S32K1xx.o
 .text.CLOCK_SYS_TransitionToTmpSysClk
                0x00000000       0x78 ./SDK/platform/drivers/src/clock/S32K1xx/clock_S32K1xx.o
 .text.CLOCK_SYS_GetCurrentSysClkConfig
                0x00000000       0x54 ./SDK/platform/drivers/src/clock/S32K1xx/clock_S32K1xx.o
 .text.CLOCK_SYS_ConvertAsyncDividerValue
                0x00000000       0x30 ./SDK/platform/drivers/src/clock/S32K1xx/clock_S32K1xx.o
 .rodata.CLOCK_SYS_ConvertAsyncDividerValue
                0x00000000      0x104 ./SDK/platform/drivers/src/clock/S32K1xx/clock_S32K1xx.o
 .text.CLOCK_DRV_Init
                0x00000000        0x8 ./SDK/platform/drivers/src/clock/S32K1xx/clock_S32K1xx.o
 .text.CLOCK_DRV_GetFreq
                0x00000000        0x8 ./SDK/platform/drivers/src/clock/S32K1xx/clock_S32K1xx.o
 .text.CLOCK_DRV_SetModuleClock
                0x00000000      0x190 ./SDK/platform/drivers/src/clock/S32K1xx/clock_S32K1xx.o
 .rodata.CLOCK_DRV_SetModuleClock
                0x00000000       0x14 ./SDK/platform/drivers/src/clock/S32K1xx/clock_S32K1xx.o
 .text.CLOCK_DRV_SetSystemClock
                0x00000000      0x148 ./SDK/platform/drivers/src/clock/S32K1xx/clock_S32K1xx.o
 .text.CLOCK_DRV_GetSystemClockSource
                0x00000000       0x70 ./SDK/platform/drivers/src/clock/S32K1xx/clock_S32K1xx.o
 .text.CLOCK_DRV_SetClockSource
                0x00000000      0x204 ./SDK/platform/drivers/src/clock/S32K1xx/clock_S32K1xx.o
 .rodata.sysClkDivMappings.6118
                0x00000000       0x10 ./SDK/platform/drivers/src/clock/S32K1xx/clock_S32K1xx.o
 .rodata.sysClkDivMappings.6174
                0x00000000       0x11 ./SDK/platform/drivers/src/clock/S32K1xx/clock_S32K1xx.o
 .debug_macro   0x00000000      0x8c2 ./SDK/platform/drivers/src/clock/S32K1xx/clock_S32K1xx.o
 .debug_macro   0x00000000       0x10 ./SDK/platform/drivers/src/clock/S32K1xx/clock_S32K1xx.o
 .debug_macro   0x00000000       0x6b ./SDK/platform/drivers/src/clock/S32K1xx/clock_S32K1xx.o
 .debug_macro   0x00000000       0x16 ./SDK/platform/drivers/src/clock/S32K1xx/clock_S32K1xx.o
 .debug_macro   0x00000000       0x22 ./SDK/platform/drivers/src/clock/S32K1xx/clock_S32K1xx.o
 .debug_macro   0x00000000       0x4f ./SDK/platform/drivers/src/clock/S32K1xx/clock_S32K1xx.o
 .debug_macro   0x00000000       0x51 ./SDK/platform/drivers/src/clock/S32K1xx/clock_S32K1xx.o
 .debug_macro   0x00000000       0xef ./SDK/platform/drivers/src/clock/S32K1xx/clock_S32K1xx.o
 .debug_macro   0x00000000       0x6a ./SDK/platform/drivers/src/clock/S32K1xx/clock_S32K1xx.o
 .debug_macro   0x00000000      0x1df ./SDK/platform/drivers/src/clock/S32K1xx/clock_S32K1xx.o
 .debug_macro   0x00000000     0xc64c ./SDK/platform/drivers/src/clock/S32K1xx/clock_S32K1xx.o
 .debug_macro   0x00000000      0x87f ./SDK/platform/drivers/src/clock/S32K1xx/clock_S32K1xx.o
 .debug_macro   0x00000000       0x22 ./SDK/platform/drivers/src/clock/S32K1xx/clock_S32K1xx.o
 .debug_macro   0x00000000      0x16d ./SDK/platform/drivers/src/clock/S32K1xx/clock_S32K1xx.o
 .debug_macro   0x00000000       0x83 ./SDK/platform/drivers/src/clock/S32K1xx/clock_S32K1xx.o
 .group         0x00000000        0x8 ./SDK/platform/devices/startup.o
 .group         0x00000000        0x8 ./SDK/platform/devices/startup.o
 .group         0x00000000        0x8 ./SDK/platform/devices/startup.o
 .group         0x00000000        0x8 ./SDK/platform/devices/startup.o
 .group         0x00000000        0x8 ./SDK/platform/devices/startup.o
 .group         0x00000000        0x8 ./SDK/platform/devices/startup.o
 .group         0x00000000        0x8 ./SDK/platform/devices/startup.o
 .group         0x00000000        0x8 ./SDK/platform/devices/startup.o
 .group         0x00000000        0x8 ./SDK/platform/devices/startup.o
 .group         0x00000000        0x8 ./SDK/platform/devices/startup.o
 .group         0x00000000        0x8 ./SDK/platform/devices/startup.o
 .group         0x00000000        0x8 ./SDK/platform/devices/startup.o
 .group         0x00000000        0x8 ./SDK/platform/devices/startup.o
 .text          0x00000000        0x0 ./SDK/platform/devices/startup.o
 .data          0x00000000        0x0 ./SDK/platform/devices/startup.o
 .bss           0x00000000        0x0 ./SDK/platform/devices/startup.o
 .debug_macro   0x00000000      0x8c2 ./SDK/platform/devices/startup.o
 .debug_macro   0x00000000       0x22 ./SDK/platform/devices/startup.o
 .debug_macro   0x00000000       0x4f ./SDK/platform/devices/startup.o
 .debug_macro   0x00000000       0x51 ./SDK/platform/devices/startup.o
 .debug_macro   0x00000000       0xef ./SDK/platform/devices/startup.o
 .debug_macro   0x00000000       0x6a ./SDK/platform/devices/startup.o
 .debug_macro   0x00000000      0x1df ./SDK/platform/devices/startup.o
 .debug_macro   0x00000000       0x10 ./SDK/platform/devices/startup.o
 .debug_macro   0x00000000       0x6b ./SDK/platform/devices/startup.o
 .debug_macro   0x00000000     0xc65e ./SDK/platform/devices/startup.o
 .debug_macro   0x00000000      0x87f ./SDK/platform/devices/startup.o
 .debug_macro   0x00000000       0x22 ./SDK/platform/devices/startup.o
 .group         0x00000000        0x8 ./SDK/platform/devices/S32K118/startup/system_S32K118.o
 .group         0x00000000        0x8 ./SDK/platform/devices/S32K118/startup/system_S32K118.o
 .group         0x00000000        0x8 ./SDK/platform/devices/S32K118/startup/system_S32K118.o
 .group         0x00000000        0x8 ./SDK/platform/devices/S32K118/startup/system_S32K118.o
 .group         0x00000000        0x8 ./SDK/platform/devices/S32K118/startup/system_S32K118.o
 .group         0x00000000        0x8 ./SDK/platform/devices/S32K118/startup/system_S32K118.o
 .group         0x00000000        0x8 ./SDK/platform/devices/S32K118/startup/system_S32K118.o
 .group         0x00000000        0x8 ./SDK/platform/devices/S32K118/startup/system_S32K118.o
 .group         0x00000000        0x8 ./SDK/platform/devices/S32K118/startup/system_S32K118.o
 .group         0x00000000        0x8 ./SDK/platform/devices/S32K118/startup/system_S32K118.o
 .group         0x00000000        0x8 ./SDK/platform/devices/S32K118/startup/system_S32K118.o
 .group         0x00000000        0x8 ./SDK/platform/devices/S32K118/startup/system_S32K118.o
 .group         0x00000000        0x8 ./SDK/platform/devices/S32K118/startup/system_S32K118.o
 .group         0x00000000        0x8 ./SDK/platform/devices/S32K118/startup/system_S32K118.o
 .text          0x00000000        0x0 ./SDK/platform/devices/S32K118/startup/system_S32K118.o
 .data          0x00000000        0x0 ./SDK/platform/devices/S32K118/startup/system_S32K118.o
 .bss           0x00000000        0x0 ./SDK/platform/devices/S32K118/startup/system_S32K118.o
 .text.SystemCoreClockUpdate
                0x00000000       0x5c ./SDK/platform/devices/S32K118/startup/system_S32K118.o
 .text.SystemSoftwareReset
                0x00000000       0x20 ./SDK/platform/devices/S32K118/startup/system_S32K118.o
 .data.SystemCoreClock
                0x00000000        0x4 ./SDK/platform/devices/S32K118/startup/system_S32K118.o
 .debug_macro   0x00000000      0x8c2 ./SDK/platform/devices/S32K118/startup/system_S32K118.o
 .debug_macro   0x00000000       0x10 ./SDK/platform/devices/S32K118/startup/system_S32K118.o
 .debug_macro   0x00000000       0x6b ./SDK/platform/devices/S32K118/startup/system_S32K118.o
 .debug_macro   0x00000000       0x16 ./SDK/platform/devices/S32K118/startup/system_S32K118.o
 .debug_macro   0x00000000       0x22 ./SDK/platform/devices/S32K118/startup/system_S32K118.o
 .debug_macro   0x00000000       0x4f ./SDK/platform/devices/S32K118/startup/system_S32K118.o
 .debug_macro   0x00000000       0x51 ./SDK/platform/devices/S32K118/startup/system_S32K118.o
 .debug_macro   0x00000000       0xef ./SDK/platform/devices/S32K118/startup/system_S32K118.o
 .debug_macro   0x00000000       0x6a ./SDK/platform/devices/S32K118/startup/system_S32K118.o
 .debug_macro   0x00000000      0x1df ./SDK/platform/devices/S32K118/startup/system_S32K118.o
 .debug_macro   0x00000000     0xc64c ./SDK/platform/devices/S32K118/startup/system_S32K118.o
 .debug_macro   0x00000000      0x87f ./SDK/platform/devices/S32K118/startup/system_S32K118.o
 .debug_macro   0x00000000       0x22 ./SDK/platform/devices/S32K118/startup/system_S32K118.o
 .debug_macro   0x00000000       0x22 ./SDK/platform/devices/S32K118/startup/system_S32K118.o
 .data          0x00000000        0x0 ./Project_Settings/Startup_Code/startup_S32K118.o
 .bss           0x00000000        0x0 ./Project_Settings/Startup_Code/startup_S32K118.o
 .FlashConfig   0x00000000       0x10 ./Project_Settings/Startup_Code/startup_S32K118.o
 .group         0x00000000        0x8 ./Generated_Code/pin_mux.o
 .group         0x00000000        0x8 ./Generated_Code/pin_mux.o
 .group         0x00000000        0x8 ./Generated_Code/pin_mux.o
 .group         0x00000000        0x8 ./Generated_Code/pin_mux.o
 .group         0x00000000        0x8 ./Generated_Code/pin_mux.o
 .group         0x00000000        0x8 ./Generated_Code/pin_mux.o
 .group         0x00000000        0x8 ./Generated_Code/pin_mux.o
 .group         0x00000000        0x8 ./Generated_Code/pin_mux.o
 .group         0x00000000        0x8 ./Generated_Code/pin_mux.o
 .group         0x00000000        0x8 ./Generated_Code/pin_mux.o
 .group         0x00000000        0x8 ./Generated_Code/pin_mux.o
 .group         0x00000000        0x8 ./Generated_Code/pin_mux.o
 .group         0x00000000        0x8 ./Generated_Code/pin_mux.o
 .group         0x00000000        0x8 ./Generated_Code/pin_mux.o
 .text          0x00000000        0x0 ./Generated_Code/pin_mux.o
 .data          0x00000000        0x0 ./Generated_Code/pin_mux.o
 .bss           0x00000000        0x0 ./Generated_Code/pin_mux.o
 .debug_macro   0x00000000      0x8c2 ./Generated_Code/pin_mux.o
 .debug_macro   0x00000000       0x10 ./Generated_Code/pin_mux.o
 .debug_macro   0x00000000       0x6b ./Generated_Code/pin_mux.o
 .debug_macro   0x00000000       0x16 ./Generated_Code/pin_mux.o
 .debug_macro   0x00000000       0x22 ./Generated_Code/pin_mux.o
 .debug_macro   0x00000000       0x4f ./Generated_Code/pin_mux.o
 .debug_macro   0x00000000       0x51 ./Generated_Code/pin_mux.o
 .debug_macro   0x00000000       0xef ./Generated_Code/pin_mux.o
 .debug_macro   0x00000000       0x6a ./Generated_Code/pin_mux.o
 .debug_macro   0x00000000      0x1df ./Generated_Code/pin_mux.o
 .debug_macro   0x00000000     0xc64c ./Generated_Code/pin_mux.o
 .debug_macro   0x00000000      0x87f ./Generated_Code/pin_mux.o
 .debug_macro   0x00000000       0x22 ./Generated_Code/pin_mux.o
 .debug_macro   0x00000000      0x16d ./Generated_Code/pin_mux.o
 .group         0x00000000        0x8 ./Generated_Code/pdly1.o
 .group         0x00000000        0x8 ./Generated_Code/pdly1.o
 .group         0x00000000        0x8 ./Generated_Code/pdly1.o
 .group         0x00000000        0x8 ./Generated_Code/pdly1.o
 .group         0x00000000        0x8 ./Generated_Code/pdly1.o
 .group         0x00000000        0x8 ./Generated_Code/pdly1.o
 .group         0x00000000        0x8 ./Generated_Code/pdly1.o
 .group         0x00000000        0x8 ./Generated_Code/pdly1.o
 .group         0x00000000        0x8 ./Generated_Code/pdly1.o
 .group         0x00000000        0x8 ./Generated_Code/pdly1.o
 .group         0x00000000        0x8 ./Generated_Code/pdly1.o
 .group         0x00000000        0x8 ./Generated_Code/pdly1.o
 .group         0x00000000        0x8 ./Generated_Code/pdly1.o
 .group         0x00000000        0x8 ./Generated_Code/pdly1.o
 .group         0x00000000        0x8 ./Generated_Code/pdly1.o
 .group         0x00000000        0x8 ./Generated_Code/pdly1.o
 .group         0x00000000        0x8 ./Generated_Code/pdly1.o
 .text          0x00000000        0x0 ./Generated_Code/pdly1.o
 .data          0x00000000        0x0 ./Generated_Code/pdly1.o
 .bss           0x00000000        0x0 ./Generated_Code/pdly1.o
 .debug_macro   0x00000000      0x8c2 ./Generated_Code/pdly1.o
 .debug_macro   0x00000000       0x10 ./Generated_Code/pdly1.o
 .debug_macro   0x00000000       0x6b ./Generated_Code/pdly1.o
 .debug_macro   0x00000000       0x16 ./Generated_Code/pdly1.o
 .debug_macro   0x00000000       0x22 ./Generated_Code/pdly1.o
 .debug_macro   0x00000000       0x4f ./Generated_Code/pdly1.o
 .debug_macro   0x00000000       0x51 ./Generated_Code/pdly1.o
 .debug_macro   0x00000000       0xef ./Generated_Code/pdly1.o
 .debug_macro   0x00000000       0x6a ./Generated_Code/pdly1.o
 .debug_macro   0x00000000      0x1df ./Generated_Code/pdly1.o
 .debug_macro   0x00000000     0xc64c ./Generated_Code/pdly1.o
 .debug_macro   0x00000000      0x87f ./Generated_Code/pdly1.o
 .debug_macro   0x00000000       0x22 ./Generated_Code/pdly1.o
 .debug_macro   0x00000000       0x83 ./Generated_Code/pdly1.o
 .debug_macro   0x00000000       0x22 ./Generated_Code/pdly1.o
 .debug_macro   0x00000000       0x16 ./Generated_Code/pdly1.o
 .debug_macro   0x00000000      0x16d ./Generated_Code/pdly1.o
 .group         0x00000000        0x8 ./Generated_Code/clockMan1.o
 .group         0x00000000        0x8 ./Generated_Code/clockMan1.o
 .group         0x00000000        0x8 ./Generated_Code/clockMan1.o
 .group         0x00000000        0x8 ./Generated_Code/clockMan1.o
 .group         0x00000000        0x8 ./Generated_Code/clockMan1.o
 .group         0x00000000        0x8 ./Generated_Code/clockMan1.o
 .group         0x00000000        0x8 ./Generated_Code/clockMan1.o
 .group         0x00000000        0x8 ./Generated_Code/clockMan1.o
 .group         0x00000000        0x8 ./Generated_Code/clockMan1.o
 .group         0x00000000        0x8 ./Generated_Code/clockMan1.o
 .group         0x00000000        0x8 ./Generated_Code/clockMan1.o
 .group         0x00000000        0x8 ./Generated_Code/clockMan1.o
 .group         0x00000000        0x8 ./Generated_Code/clockMan1.o
 .group         0x00000000        0x8 ./Generated_Code/clockMan1.o
 .group         0x00000000        0x8 ./Generated_Code/clockMan1.o
 .group         0x00000000        0x8 ./Generated_Code/clockMan1.o
 .group         0x00000000        0x8 ./Generated_Code/clockMan1.o
 .text          0x00000000        0x0 ./Generated_Code/clockMan1.o
 .data          0x00000000        0x0 ./Generated_Code/clockMan1.o
 .bss           0x00000000        0x0 ./Generated_Code/clockMan1.o
 .debug_macro   0x00000000      0x8c2 ./Generated_Code/clockMan1.o
 .debug_macro   0x00000000       0x22 ./Generated_Code/clockMan1.o
 .debug_macro   0x00000000       0x22 ./Generated_Code/clockMan1.o
 .debug_macro   0x00000000       0x4f ./Generated_Code/clockMan1.o
 .debug_macro   0x00000000       0x51 ./Generated_Code/clockMan1.o
 .debug_macro   0x00000000       0xef ./Generated_Code/clockMan1.o
 .debug_macro   0x00000000       0x6a ./Generated_Code/clockMan1.o
 .debug_macro   0x00000000      0x1df ./Generated_Code/clockMan1.o
 .debug_macro   0x00000000       0x10 ./Generated_Code/clockMan1.o
 .debug_macro   0x00000000       0x6b ./Generated_Code/clockMan1.o
 .debug_macro   0x00000000     0xc65e ./Generated_Code/clockMan1.o
 .debug_macro   0x00000000      0x87f ./Generated_Code/clockMan1.o
 .debug_macro   0x00000000       0x10 ./Generated_Code/clockMan1.o
 .debug_macro   0x00000000       0x83 ./Generated_Code/clockMan1.o
 .debug_macro   0x00000000       0x22 ./Generated_Code/clockMan1.o
 .debug_macro   0x00000000      0x16d ./Generated_Code/clockMan1.o
 .debug_macro   0x00000000       0x16 ./Generated_Code/clockMan1.o
 .group         0x00000000        0x8 ./Generated_Code/Cpu.o
 .group         0x00000000        0x8 ./Generated_Code/Cpu.o
 .group         0x00000000        0x8 ./Generated_Code/Cpu.o
 .group         0x00000000        0x8 ./Generated_Code/Cpu.o
 .group         0x00000000        0x8 ./Generated_Code/Cpu.o
 .group         0x00000000        0x8 ./Generated_Code/Cpu.o
 .group         0x00000000        0x8 ./Generated_Code/Cpu.o
 .group         0x00000000        0x8 ./Generated_Code/Cpu.o
 .group         0x00000000        0x8 ./Generated_Code/Cpu.o
 .group         0x00000000        0x8 ./Generated_Code/Cpu.o
 .group         0x00000000        0x8 ./Generated_Code/Cpu.o
 .group         0x00000000        0x8 ./Generated_Code/Cpu.o
 .group         0x00000000        0x8 ./Generated_Code/Cpu.o
 .group         0x00000000        0x8 ./Generated_Code/Cpu.o
 .group         0x00000000        0x8 ./Generated_Code/Cpu.o
 .group         0x00000000        0x8 ./Generated_Code/Cpu.o
 .group         0x00000000        0x8 ./Generated_Code/Cpu.o
 .group         0x00000000        0x8 ./Generated_Code/Cpu.o
 .text          0x00000000        0x0 ./Generated_Code/Cpu.o
 .data          0x00000000        0x0 ./Generated_Code/Cpu.o
 .bss           0x00000000        0x0 ./Generated_Code/Cpu.o
 .debug_info    0x00000000     0x1595 ./Generated_Code/Cpu.o
 .debug_abbrev  0x00000000      0x123 ./Generated_Code/Cpu.o
 .debug_aranges
                0x00000000       0x18 ./Generated_Code/Cpu.o
 .debug_macro   0x00000000      0x136 ./Generated_Code/Cpu.o
 .debug_macro   0x00000000      0x8c2 ./Generated_Code/Cpu.o
 .debug_macro   0x00000000       0x10 ./Generated_Code/Cpu.o
 .debug_macro   0x00000000       0x6b ./Generated_Code/Cpu.o
 .debug_macro   0x00000000       0x16 ./Generated_Code/Cpu.o
 .debug_macro   0x00000000       0x22 ./Generated_Code/Cpu.o
 .debug_macro   0x00000000       0x4f ./Generated_Code/Cpu.o
 .debug_macro   0x00000000       0x51 ./Generated_Code/Cpu.o
 .debug_macro   0x00000000       0xef ./Generated_Code/Cpu.o
 .debug_macro   0x00000000       0x6a ./Generated_Code/Cpu.o
 .debug_macro   0x00000000      0x1df ./Generated_Code/Cpu.o
 .debug_macro   0x00000000     0xc64c ./Generated_Code/Cpu.o
 .debug_macro   0x00000000      0x87f ./Generated_Code/Cpu.o
 .debug_macro   0x00000000       0x22 ./Generated_Code/Cpu.o
 .debug_macro   0x00000000       0x83 ./Generated_Code/Cpu.o
 .debug_macro   0x00000000       0x22 ./Generated_Code/Cpu.o
 .debug_macro   0x00000000       0x16 ./Generated_Code/Cpu.o
 .debug_macro   0x00000000      0x16d ./Generated_Code/Cpu.o
 .debug_macro   0x00000000       0x10 ./Generated_Code/Cpu.o
 .debug_line    0x00000000      0x511 ./Generated_Code/Cpu.o
 .debug_str     0x00000000    0x5957d ./Generated_Code/Cpu.o
 .comment       0x00000000       0xa1 ./Generated_Code/Cpu.o
 .ARM.attributes
                0x00000000       0x32 ./Generated_Code/Cpu.o
 .data          0x00000000        0x0 c:/nxp/s32ds_arm_v2018.r1/cross_tools/gcc-6.3-arm32-eabi/bin/../lib/gcc/arm-none-eabi/6.3.1/thumb/v6-m\libgcc.a(_udivsi3.o)
 .bss           0x00000000        0x0 c:/nxp/s32ds_arm_v2018.r1/cross_tools/gcc-6.3-arm32-eabi/bin/../lib/gcc/arm-none-eabi/6.3.1/thumb/v6-m\libgcc.a(_udivsi3.o)
 .data          0x00000000        0x0 c:/nxp/s32ds_arm_v2018.r1/cross_tools/gcc-6.3-arm32-eabi/bin/../lib/gcc/arm-none-eabi/6.3.1/thumb/v6-m\libgcc.a(_dvmd_tls.o)
 .bss           0x00000000        0x0 c:/nxp/s32ds_arm_v2018.r1/cross_tools/gcc-6.3-arm32-eabi/bin/../lib/gcc/arm-none-eabi/6.3.1/thumb/v6-m\libgcc.a(_dvmd_tls.o)
 .text          0x00000000        0x0 C:/NXP/S32DS_ARM_v2018.R1/Cross_Tools/gcc-6.3-arm32-eabi/arm-none-eabi/newlib/lib/thumb/v6-m\libc_nano.a(lib_a-exit.o)
 .data          0x00000000        0x0 C:/NXP/S32DS_ARM_v2018.R1/Cross_Tools/gcc-6.3-arm32-eabi/arm-none-eabi/newlib/lib/thumb/v6-m\libc_nano.a(lib_a-exit.o)
 .bss           0x00000000        0x0 C:/NXP/S32DS_ARM_v2018.R1/Cross_Tools/gcc-6.3-arm32-eabi/arm-none-eabi/newlib/lib/thumb/v6-m\libc_nano.a(lib_a-exit.o)
 .text.exit     0x00000000       0x2c C:/NXP/S32DS_ARM_v2018.R1/Cross_Tools/gcc-6.3-arm32-eabi/arm-none-eabi/newlib/lib/thumb/v6-m\libc_nano.a(lib_a-exit.o)
 .debug_frame   0x00000000       0x28 C:/NXP/S32DS_ARM_v2018.R1/Cross_Tools/gcc-6.3-arm32-eabi/arm-none-eabi/newlib/lib/thumb/v6-m\libc_nano.a(lib_a-exit.o)
 .ARM.attributes
                0x00000000       0x2c C:/NXP/S32DS_ARM_v2018.R1/Cross_Tools/gcc-6.3-arm32-eabi/arm-none-eabi/newlib/lib/thumb/v6-m\libc_nano.a(lib_a-exit.o)
 .text          0x00000000        0x0 C:/NXP/S32DS_ARM_v2018.R1/Cross_Tools/gcc-6.3-arm32-eabi/arm-none-eabi/newlib/lib/thumb/v6-m\libc_nano.a(lib_a-impure.o)
 .data          0x00000000        0x0 C:/NXP/S32DS_ARM_v2018.R1/Cross_Tools/gcc-6.3-arm32-eabi/arm-none-eabi/newlib/lib/thumb/v6-m\libc_nano.a(lib_a-impure.o)
 .bss           0x00000000        0x0 C:/NXP/S32DS_ARM_v2018.R1/Cross_Tools/gcc-6.3-arm32-eabi/arm-none-eabi/newlib/lib/thumb/v6-m\libc_nano.a(lib_a-impure.o)
 .data._impure_ptr
                0x00000000        0x4 C:/NXP/S32DS_ARM_v2018.R1/Cross_Tools/gcc-6.3-arm32-eabi/arm-none-eabi/newlib/lib/thumb/v6-m\libc_nano.a(lib_a-impure.o)
 .data.impure_data
                0x00000000       0x60 C:/NXP/S32DS_ARM_v2018.R1/Cross_Tools/gcc-6.3-arm32-eabi/arm-none-eabi/newlib/lib/thumb/v6-m\libc_nano.a(lib_a-impure.o)
 .rodata._global_impure_ptr
                0x00000000        0x4 C:/NXP/S32DS_ARM_v2018.R1/Cross_Tools/gcc-6.3-arm32-eabi/arm-none-eabi/newlib/lib/thumb/v6-m\libc_nano.a(lib_a-impure.o)
 .ARM.attributes
                0x00000000       0x2c C:/NXP/S32DS_ARM_v2018.R1/Cross_Tools/gcc-6.3-arm32-eabi/arm-none-eabi/newlib/lib/thumb/v6-m\libc_nano.a(lib_a-impure.o)
 .text          0x00000000        0x0 C:/NXP/S32DS_ARM_v2018.R1/Cross_Tools/gcc-6.3-arm32-eabi/arm-none-eabi/newlib/lib/thumb/v6-m\libc_nano.a(lib_a-init.o)
 .data          0x00000000        0x0 C:/NXP/S32DS_ARM_v2018.R1/Cross_Tools/gcc-6.3-arm32-eabi/arm-none-eabi/newlib/lib/thumb/v6-m\libc_nano.a(lib_a-init.o)
 .bss           0x00000000        0x0 C:/NXP/S32DS_ARM_v2018.R1/Cross_Tools/gcc-6.3-arm32-eabi/arm-none-eabi/newlib/lib/thumb/v6-m\libc_nano.a(lib_a-init.o)
 .text.__libc_init_array
                0x00000000       0x48 C:/NXP/S32DS_ARM_v2018.R1/Cross_Tools/gcc-6.3-arm32-eabi/arm-none-eabi/newlib/lib/thumb/v6-m\libc_nano.a(lib_a-init.o)
 .debug_frame   0x00000000       0x2c C:/NXP/S32DS_ARM_v2018.R1/Cross_Tools/gcc-6.3-arm32-eabi/arm-none-eabi/newlib/lib/thumb/v6-m\libc_nano.a(lib_a-init.o)
 .ARM.attributes
                0x00000000       0x2c C:/NXP/S32DS_ARM_v2018.R1/Cross_Tools/gcc-6.3-arm32-eabi/arm-none-eabi/newlib/lib/thumb/v6-m\libc_nano.a(lib_a-init.o)
 .text          0x00000000        0x0 C:/NXP/S32DS_ARM_v2018.R1/Cross_Tools/gcc-6.3-arm32-eabi/arm-none-eabi/newlib/lib/thumb/v6-m\libc_nano.a(lib_a-memset.o)
 .data          0x00000000        0x0 C:/NXP/S32DS_ARM_v2018.R1/Cross_Tools/gcc-6.3-arm32-eabi/arm-none-eabi/newlib/lib/thumb/v6-m\libc_nano.a(lib_a-memset.o)
 .bss           0x00000000        0x0 C:/NXP/S32DS_ARM_v2018.R1/Cross_Tools/gcc-6.3-arm32-eabi/arm-none-eabi/newlib/lib/thumb/v6-m\libc_nano.a(lib_a-memset.o)
 .text.memset   0x00000000       0x10 C:/NXP/S32DS_ARM_v2018.R1/Cross_Tools/gcc-6.3-arm32-eabi/arm-none-eabi/newlib/lib/thumb/v6-m\libc_nano.a(lib_a-memset.o)
 .debug_frame   0x00000000       0x20 C:/NXP/S32DS_ARM_v2018.R1/Cross_Tools/gcc-6.3-arm32-eabi/arm-none-eabi/newlib/lib/thumb/v6-m\libc_nano.a(lib_a-memset.o)
 .ARM.attributes
                0x00000000       0x2c C:/NXP/S32DS_ARM_v2018.R1/Cross_Tools/gcc-6.3-arm32-eabi/arm-none-eabi/newlib/lib/thumb/v6-m\libc_nano.a(lib_a-memset.o)
 .text          0x00000000        0x0 C:/NXP/S32DS_ARM_v2018.R1/Cross_Tools/gcc-6.3-arm32-eabi/arm-none-eabi/newlib/lib/thumb/v6-m\libnosys.a(_exit.o)
 .data          0x00000000        0x0 C:/NXP/S32DS_ARM_v2018.R1/Cross_Tools/gcc-6.3-arm32-eabi/arm-none-eabi/newlib/lib/thumb/v6-m\libnosys.a(_exit.o)
 .bss           0x00000000        0x0 C:/NXP/S32DS_ARM_v2018.R1/Cross_Tools/gcc-6.3-arm32-eabi/arm-none-eabi/newlib/lib/thumb/v6-m\libnosys.a(_exit.o)
 .text._exit    0x00000000        0x2 C:/NXP/S32DS_ARM_v2018.R1/Cross_Tools/gcc-6.3-arm32-eabi/arm-none-eabi/newlib/lib/thumb/v6-m\libnosys.a(_exit.o)
 .debug_frame   0x00000000       0x20 C:/NXP/S32DS_ARM_v2018.R1/Cross_Tools/gcc-6.3-arm32-eabi/arm-none-eabi/newlib/lib/thumb/v6-m\libnosys.a(_exit.o)
 .ARM.attributes
                0x00000000       0x2c C:/NXP/S32DS_ARM_v2018.R1/Cross_Tools/gcc-6.3-arm32-eabi/arm-none-eabi/newlib/lib/thumb/v6-m\libnosys.a(_exit.o)
 .text          0x00000000        0x0 c:/nxp/s32ds_arm_v2018.r1/cross_tools/gcc-6.3-arm32-eabi/bin/../lib/gcc/arm-none-eabi/6.3.1/thumb/v6-m/crtend.o
 .data          0x00000000        0x0 c:/nxp/s32ds_arm_v2018.r1/cross_tools/gcc-6.3-arm32-eabi/bin/../lib/gcc/arm-none-eabi/6.3.1/thumb/v6-m/crtend.o
 .bss           0x00000000        0x0 c:/nxp/s32ds_arm_v2018.r1/cross_tools/gcc-6.3-arm32-eabi/bin/../lib/gcc/arm-none-eabi/6.3.1/thumb/v6-m/crtend.o
 .eh_frame      0x00000000        0x4 c:/nxp/s32ds_arm_v2018.r1/cross_tools/gcc-6.3-arm32-eabi/bin/../lib/gcc/arm-none-eabi/6.3.1/thumb/v6-m/crtend.o
 .text          0x00000000        0x0 c:/nxp/s32ds_arm_v2018.r1/cross_tools/gcc-6.3-arm32-eabi/bin/../lib/gcc/arm-none-eabi/6.3.1/thumb/v6-m/crtn.o
 .data          0x00000000        0x0 c:/nxp/s32ds_arm_v2018.r1/cross_tools/gcc-6.3-arm32-eabi/bin/../lib/gcc/arm-none-eabi/6.3.1/thumb/v6-m/crtn.o
 .bss           0x00000000        0x0 c:/nxp/s32ds_arm_v2018.r1/cross_tools/gcc-6.3-arm32-eabi/bin/../lib/gcc/arm-none-eabi/6.3.1/thumb/v6-m/crtn.o

Memory Configuration

Name             Origin             Length             Attributes
m_interrupts     0x20000000         0x000000c0         xr
m_text           0x200000c0         0x00003000         xr
m_data           0x200030c0         0x00002740         rw
*default*        0x00000000         0xffffffff

Linker script and memory map

LOAD c:/nxp/s32ds_arm_v2018.r1/cross_tools/gcc-6.3-arm32-eabi/bin/../lib/gcc/arm-none-eabi/6.3.1/thumb/v6-m/crti.o
LOAD c:/nxp/s32ds_arm_v2018.r1/cross_tools/gcc-6.3-arm32-eabi/bin/../lib/gcc/arm-none-eabi/6.3.1/thumb/v6-m/crtbegin.o
LOAD C:/NXP/S32DS_ARM_v2018.R1/Cross_Tools/gcc-6.3-arm32-eabi/arm-none-eabi/newlib/lib/thumb/v6-m/crt0.o
LOAD ./Sources/main.o
LOAD ./Sources/helper_functions.o
LOAD ./SDK/platform/drivers/src/pins/pins_port_hw_access.o
LOAD ./SDK/platform/drivers/src/pins/pins_driver.o
LOAD ./SDK/platform/drivers/src/pdb/pdb_hw_access.o
LOAD ./SDK/platform/drivers/src/pdb/pdb_driver.o
LOAD ./SDK/platform/drivers/src/interrupt/interrupt_manager.o
LOAD ./SDK/platform/drivers/src/clock/clock_manager.o
LOAD ./SDK/platform/drivers/src/clock/S32K1xx/clock_S32K1xx.o
LOAD ./SDK/platform/devices/startup.o
LOAD ./SDK/platform/devices/S32K118/startup/system_S32K118.o
LOAD ./Project_Settings/Startup_Code/startup_S32K118.o
LOAD ./Generated_Code/pin_mux.o
LOAD ./Generated_Code/pdly1.o
LOAD ./Generated_Code/clockMan1.o
LOAD ./Generated_Code/Cpu.o
START GROUP
LOAD c:/nxp/s32ds_arm_v2018.r1/cross_tools/gcc-6.3-arm32-eabi/bin/../lib/gcc/arm-none-eabi/6.3.1/thumb/v6-m\libgcc.a
LOAD C:/NXP/S32DS_ARM_v2018.R1/Cross_Tools/gcc-6.3-arm32-eabi/arm-none-eabi/newlib/lib/thumb/v6-m\libc_nano.a
END GROUP
START GROUP
LOAD c:/nxp/s32ds_arm_v2018.r1/cross_tools/gcc-6.3-arm32-eabi/bin/../lib/gcc/arm-none-eabi/6.3.1/thumb/v6-m\libgcc.a
LOAD C:/NXP/S32DS_ARM_v2018.R1/Cross_Tools/gcc-6.3-arm32-eabi/arm-none-eabi/newlib/lib/thumb/v6-m\libc_nano.a
LOAD C:/NXP/S32DS_ARM_v2018.R1/Cross_Tools/gcc-6.3-arm32-eabi/arm-none-eabi/newlib/lib/thumb/v6-m\libnosys.a
END GROUP
START GROUP
LOAD c:/nxp/s32ds_arm_v2018.r1/cross_tools/gcc-6.3-arm32-eabi/bin/../lib/gcc/arm-none-eabi/6.3.1/thumb/v6-m\libgcc.a
LOAD C:/NXP/S32DS_ARM_v2018.R1/Cross_Tools/gcc-6.3-arm32-eabi/arm-none-eabi/newlib/lib/thumb/v6-m\libc_nano.a
LOAD C:/NXP/S32DS_ARM_v2018.R1/Cross_Tools/gcc-6.3-arm32-eabi/arm-none-eabi/newlib/lib/thumb/v6-m\libnosys.a
END GROUP
LOAD c:/nxp/s32ds_arm_v2018.r1/cross_tools/gcc-6.3-arm32-eabi/bin/../lib/gcc/arm-none-eabi/6.3.1/thumb/v6-m/crtend.o
LOAD c:/nxp/s32ds_arm_v2018.r1/cross_tools/gcc-6.3-arm32-eabi/bin/../lib/gcc/arm-none-eabi/6.3.1/thumb/v6-m/crtn.o
                0x00000200                HEAP_SIZE = DEFINED (__heap_size__)?__heap_size__:0x200
                0x00000200                STACK_SIZE = DEFINED (__stack_size__)?__stack_size__:0x200

.interrupts     0x20000000       0xc0
                0x20000000                __VECTOR_TABLE = .
                0x20000000                __interrupts_start__ = .
                0x20000000                . = ALIGN (0x4)
 *(.isr_vector)
 .isr_vector    0x20000000       0xc0 ./Project_Settings/Startup_Code/startup_S32K118.o
                0x20000000                __isr_vector
                0x200000c0                __interrupts_end__ = .
                0x200000c0                . = ALIGN (0x4)
                0x20000000                __VECTOR_RAM = __VECTOR_TABLE
                0x00000000                __RAM_VECTOR_TABLE_SIZE = 0x0

.text           0x200000c0     0x1bc0
                0x200000c0                . = ALIGN (0x4)
 *(.text)
 .text          0x200000c0       0xb4 c:/nxp/s32ds_arm_v2018.r1/cross_tools/gcc-6.3-arm32-eabi/bin/../lib/gcc/arm-none-eabi/6.3.1/thumb/v6-m/crtbegin.o
 .text          0x20000174       0x60 ./Project_Settings/Startup_Code/startup_S32K118.o
                0x20000174                Reset_Handler
                0x200001d0                SysTick_Handler
                0x200001d0                ERM_fault_IRQHandler
                0x200001d0                PendSV_Handler
                0x200001d0                NMI_Handler
                0x200001d0                DMA2_IRQHandler
                0x200001d0                LPIT0_IRQHandler
                0x200001d0                ADC0_IRQHandler
                0x200001d0                FTM0_Ovf_Reload_IRQHandler
                0x200001d0                FTM1_Ch0_7_IRQHandler
                0x200001d0                DefaultISR
                0x200001d0                SCG_CMU_LVD_LVWSCG_IRQHandler
                0x200001d0                FTM0_Ch0_7_IRQHandler
                0x200001d0                RTC_IRQHandler
                0x200001d0                HardFault_Handler
                0x200001d0                CAN0_ORed_Err_Wakeup_IRQHandler
                0x200001d0                LPSPI1_IRQHandler
                0x200001d0                LPUART1_RxTx_IRQHandler
                0x200001d0                RTC_Seconds_IRQHandler
                0x200001d0                CAN0_ORed_0_31_MB_IRQHandler
                0x200001d0                FTFC_IRQHandler
                0x200001d0                LPSPI0_IRQHandler
                0x200001d0                FTM0_Fault_IRQHandler
                0x200001d0                SVC_Handler
                0x200001d0                RCM_IRQHandler
                0x200001d0                DMA3_IRQHandler
                0x200001d0                DMA0_IRQHandler
                0x200001d0                FTM1_Fault_IRQHandler
                0x200001d0                DMA_Error_IRQHandler
                0x200001d0                LPI2C0_Master_Slave_IRQHandler
                0x200001d0                LPUART0_RxTx_IRQHandler
                0x200001d0                WDOG_IRQHandler
                0x200001d0                LPTMR0_IRQHandler
                0x200001d0                FTM1_Ovf_Reload_IRQHandler
                0x200001d0                CMP0_IRQHandler
                0x200001d0                PORT_IRQHandler
                0x200001d0                FLEXIO_IRQHandler
                0x200001d0                DMA1_IRQHandler
 .text          0x200001d4      0x114 c:/nxp/s32ds_arm_v2018.r1/cross_tools/gcc-6.3-arm32-eabi/bin/../lib/gcc/arm-none-eabi/6.3.1/thumb/v6-m\libgcc.a(_udivsi3.o)
                0x200001d4                __aeabi_uidiv
                0x200001d4                __udivsi3
                0x200002e0                __aeabi_uidivmod
 .text          0x200002e8        0x4 c:/nxp/s32ds_arm_v2018.r1/cross_tools/gcc-6.3-arm32-eabi/bin/../lib/gcc/arm-none-eabi/6.3.1/thumb/v6-m\libgcc.a(_dvmd_tls.o)
                0x200002e8                __aeabi_idiv0
                0x200002e8                __aeabi_ldiv0
 *(.text*)
 .text.PDB_IRQHandler
                0x200002ec       0x18 ./Sources/main.o
                0x200002ec                PDB_IRQHandler
 .text.PDB0_IRQHandler
                0x20000304        0x8 ./Sources/main.o
                0x20000304                PDB0_IRQHandler
 .text.main     0x2000030c       0x94 ./Sources/main.o
                0x2000030c                main
 .text.calculateIntValue
                0x200003a0       0x64 ./Sources/helper_functions.o
                0x200003a0                calculateIntValue
 .text.PINS_Init
                0x20000404      0x134 ./SDK/platform/drivers/src/pins/pins_port_hw_access.o
                0x20000404                PINS_Init
 .text.PINS_DRV_Init
                0x20000538       0x2a ./SDK/platform/drivers/src/pins/pins_driver.o
                0x20000538                PINS_DRV_Init
 .text.PINS_DRV_SetPinDirection
                0x20000562       0x12 ./SDK/platform/drivers/src/pins/pins_driver.o
                0x20000562                PINS_DRV_SetPinDirection
 .text.PINS_DRV_ClearPins
                0x20000574        0x4 ./SDK/platform/drivers/src/pins/pins_driver.o
                0x20000574                PINS_DRV_ClearPins
 .text.PINS_DRV_TogglePins
                0x20000578        0x4 ./SDK/platform/drivers/src/pins/pins_driver.o
                0x20000578                PINS_DRV_TogglePins
 .text.PDB_Init
                0x2000057c       0xbc ./SDK/platform/drivers/src/pdb/pdb_hw_access.o
                0x2000057c                PDB_Init
 .text.PDB_ConfigTimer
                0x20000638       0x7c ./SDK/platform/drivers/src/pdb/pdb_hw_access.o
                0x20000638                PDB_ConfigTimer
 .text.PDB_DRV_Init
                0x200006b4       0x54 ./SDK/platform/drivers/src/pdb/pdb_driver.o
                0x200006b4                PDB_DRV_Init
 .text.PDB_DRV_Enable
                0x20000708       0x18 ./SDK/platform/drivers/src/pdb/pdb_driver.o
                0x20000708                PDB_DRV_Enable
 .text.PDB_DRV_SoftTriggerCmd
                0x20000720       0x1c ./SDK/platform/drivers/src/pdb/pdb_driver.o
                0x20000720                PDB_DRV_SoftTriggerCmd
 .text.PDB_DRV_ClearTimerIntFlag
                0x2000073c       0x24 ./SDK/platform/drivers/src/pdb/pdb_driver.o
                0x2000073c                PDB_DRV_ClearTimerIntFlag
 .text.PDB_DRV_LoadValuesCmd
                0x20000760       0x18 ./SDK/platform/drivers/src/pdb/pdb_driver.o
                0x20000760                PDB_DRV_LoadValuesCmd
 .text.PDB_DRV_SetTimerModulusValue
                0x20000778       0x1c ./SDK/platform/drivers/src/pdb/pdb_driver.o
                0x20000778                PDB_DRV_SetTimerModulusValue
 .text.PDB_DRV_SetValueForTimerInterrupt
                0x20000794       0x1c ./SDK/platform/drivers/src/pdb/pdb_driver.o
                0x20000794                PDB_DRV_SetValueForTimerInterrupt
 .text.INT_SYS_EnableIRQ
                0x200007b0       0x34 ./SDK/platform/drivers/src/interrupt/interrupt_manager.o
                0x200007b0                INT_SYS_EnableIRQ
 .text.INT_SYS_DisableIRQ
                0x200007e4       0x34 ./SDK/platform/drivers/src/interrupt/interrupt_manager.o
                0x200007e4                INT_SYS_DisableIRQ
 .text.INT_SYS_EnableIRQGlobal
                0x20000818       0x1c ./SDK/platform/drivers/src/interrupt/interrupt_manager.o
                0x20000818                INT_SYS_EnableIRQGlobal
 .text.INT_SYS_DisableIRQGlobal
                0x20000834       0x10 ./SDK/platform/drivers/src/interrupt/interrupt_manager.o
                0x20000834                INT_SYS_DisableIRQGlobal
 .text.CLOCK_SYS_Init
                0x20000844       0x28 ./SDK/platform/drivers/src/clock/clock_manager.o
                0x20000844                CLOCK_SYS_Init
 .text.CLOCK_SYS_UpdateConfiguration
                0x2000086c      0x100 ./SDK/platform/drivers/src/clock/clock_manager.o
                0x2000086c                CLOCK_SYS_UpdateConfiguration
 .text.CLOCK_SYS_GetCurrentRunMode
                0x2000096c       0x28 ./SDK/platform/drivers/src/clock/S32K1xx/clock_S32K1xx.o
 .text.CLOCK_SYS_GetSysOscFreq
                0x20000994       0x1c ./SDK/platform/drivers/src/clock/S32K1xx/clock_S32K1xx.o
 .text.CLOCK_SYS_ConfigureSOSC
                0x200009b0      0x120 ./SDK/platform/drivers/src/clock/S32K1xx/clock_S32K1xx.o
 .text.CLOCK_SYS_GetSircFreq
                0x20000ad0       0x28 ./SDK/platform/drivers/src/clock/S32K1xx/clock_S32K1xx.o
 .text.CLOCK_SYS_ConfigureSIRC
                0x20000af8       0xc4 ./SDK/platform/drivers/src/clock/S32K1xx/clock_S32K1xx.o
 .text.CLOCK_SYS_GetFircFreq
                0x20000bbc       0x24 ./SDK/platform/drivers/src/clock/S32K1xx/clock_S32K1xx.o
 .text.CLOCK_SYS_ConfigureFIRC
                0x20000be0       0xb4 ./SDK/platform/drivers/src/clock/S32K1xx/clock_S32K1xx.o
 .text.CLOCK_SYS_SetSystemClockConfig
                0x20000c94      0x140 ./SDK/platform/drivers/src/clock/S32K1xx/clock_S32K1xx.o
 .text.CLOCK_SYS_TransitionSystemClock
                0x20000dd4       0x54 ./SDK/platform/drivers/src/clock/S32K1xx/clock_S32K1xx.o
 .text.CLOCK_SYS_GetSystemClockFreq
                0x20000e28       0x80 ./SDK/platform/drivers/src/clock/S32K1xx/clock_S32K1xx.o
 .text.CLOCK_SYS_GetScgClkOutFreq
                0x20000ea8       0x3c ./SDK/platform/drivers/src/clock/S32K1xx/clock_S32K1xx.o
 .text.CLOCK_SYS_GetSysAsyncFreq
                0x20000ee4       0xac ./SDK/platform/drivers/src/clock/S32K1xx/clock_S32K1xx.o
 .text.CLOCK_SYS_GetSimRtcClkFreq
                0x20000f90       0x50 ./SDK/platform/drivers/src/clock/S32K1xx/clock_S32K1xx.o
 .text.CLOCK_SYS_GetPeripheralClock
                0x20000fe0       0x68 ./SDK/platform/drivers/src/clock/S32K1xx/clock_S32K1xx.o
 .text.CLOCK_SYS_GetLpoFreq
                0x20001048       0x4c ./SDK/platform/drivers/src/clock/S32K1xx/clock_S32K1xx.o
 .text.CLOCK_SYS_GetSimClkOutFreq
                0x20001094       0x80 ./SDK/platform/drivers/src/clock/S32K1xx/clock_S32K1xx.o
 .text.CLOCK_SYS_SetConfiguration
                0x20001114      0x530 ./SDK/platform/drivers/src/clock/S32K1xx/clock_S32K1xx.o
                0x20001114                CLOCK_SYS_SetConfiguration
 .text.CLOCK_SYS_GetFreq
                0x20001644      0x318 ./SDK/platform/drivers/src/clock/S32K1xx/clock_S32K1xx.o
                0x20001644                CLOCK_SYS_GetFreq
 .text.init_data_bss
                0x2000195c       0xb4 ./SDK/platform/devices/startup.o
                0x2000195c                init_data_bss
 .text.SystemInit
                0x20001a10       0x24 ./SDK/platform/devices/S32K118/startup/system_S32K118.o
                0x20001a10                SystemInit
 *(.rodata)
 *(.rodata*)
 .rodata.CLOCK_SYS_GetSimClkOutFreq
                0x20001a34       0x3c ./SDK/platform/drivers/src/clock/S32K1xx/clock_S32K1xx.o
 .rodata.CLOCK_SYS_GetFreq
                0x20001a70       0x74 ./SDK/platform/drivers/src/clock/S32K1xx/clock_S32K1xx.o
 .rodata.clockNameMappings
                0x20001ae4       0x8c ./SDK/platform/drivers/src/clock/S32K1xx/clock_S32K1xx.o
                0x20001ae4                clockNameMappings
 .rodata.maxSysClksInRUN.6053
                0x20001b70       0x54 ./SDK/platform/drivers/src/clock/S32K1xx/clock_S32K1xx.o
 .rodata.maxSysClksInVLPR.6052
                0x20001bc4       0x54 ./SDK/platform/drivers/src/clock/S32K1xx/clock_S32K1xx.o
 .rodata.peripheralFeaturesList
                0x20001c18       0x46 ./SDK/platform/drivers/src/clock/S32K1xx/clock_S32K1xx.o
                0x20001c18                peripheralFeaturesList
 *fill*         0x20001c5e        0x2 
 .rodata.pdly1_InitConfig0
                0x20001c60        0x8 ./Generated_Code/pdly1.o
                0x20001c60                pdly1_InitConfig0
 *(.glue_7)
 .glue_7        0x20001c68        0x0 linker stubs
 *(.glue_7t)
 .glue_7t       0x20001c68        0x0 linker stubs
 *(.eh_frame)
 .eh_frame      0x20001c68        0x0 c:/nxp/s32ds_arm_v2018.r1/cross_tools/gcc-6.3-arm32-eabi/bin/../lib/gcc/arm-none-eabi/6.3.1/thumb/v6-m/crtbegin.o
 *(.init)
 .init          0x20001c68        0x4 c:/nxp/s32ds_arm_v2018.r1/cross_tools/gcc-6.3-arm32-eabi/bin/../lib/gcc/arm-none-eabi/6.3.1/thumb/v6-m/crti.o
                0x20001c68                _init
 .init          0x20001c6c        0x8 c:/nxp/s32ds_arm_v2018.r1/cross_tools/gcc-6.3-arm32-eabi/bin/../lib/gcc/arm-none-eabi/6.3.1/thumb/v6-m/crtn.o
 *(.fini)
 .fini          0x20001c74        0x4 c:/nxp/s32ds_arm_v2018.r1/cross_tools/gcc-6.3-arm32-eabi/bin/../lib/gcc/arm-none-eabi/6.3.1/thumb/v6-m/crti.o
                0x20001c74                _fini
 .fini          0x20001c78        0x8 c:/nxp/s32ds_arm_v2018.r1/cross_tools/gcc-6.3-arm32-eabi/bin/../lib/gcc/arm-none-eabi/6.3.1/thumb/v6-m/crtn.o
                0x20001c80                . = ALIGN (0x4)

.vfp11_veneer   0x20001c80        0x0
 .vfp11_veneer  0x20001c80        0x0 linker stubs

.v4_bx          0x20001c80        0x0
 .v4_bx         0x20001c80        0x0 linker stubs

.iplt           0x20001c80        0x0
 .iplt          0x20001c80        0x0 c:/nxp/s32ds_arm_v2018.r1/cross_tools/gcc-6.3-arm32-eabi/bin/../lib/gcc/arm-none-eabi/6.3.1/thumb/v6-m/crtbegin.o

.rel.dyn        0x20001c80        0x0
 .rel.iplt      0x20001c80        0x0 c:/nxp/s32ds_arm_v2018.r1/cross_tools/gcc-6.3-arm32-eabi/bin/../lib/gcc/arm-none-eabi/6.3.1/thumb/v6-m/crtbegin.o

.code_ram       0x20001c80        0x0
                0x20001c80                . = ALIGN (0x4)
                0x20001c80                __CODE_RAM = .
                0x20001c80                __code_ram_start__ = .
 *(.code_ram)
                0x20001c80                __CODE_ROM = .
                0x20001c80                __CODE_END = .
                0x20001c80                __code_ram_end__ = .
                0x20001c80                . = ALIGN (0x4)

.ARM.extab
 *(.ARM.extab* .gnu.linkonce.armextab.*)

.ARM            0x20001c80        0x0
                0x20001c80                __exidx_start = .
 *(.ARM.exidx*)
                0x20001c80                __exidx_end = .

.ctors          0x20001c80        0x0
                0x20001c80                __CTOR_LIST__ = .
 *crtbegin.o(.ctors)
 *crtbegin?.o(.ctors)
 *(EXCLUDE_FILE(*crtend.o *crtend?.o) .ctors)
 *(SORT(.ctors.*))
 *(.ctors)
                0x20001c80                __CTOR_END__ = .

.dtors          0x20001c80        0x0
                0x20001c80                __DTOR_LIST__ = .
 *crtbegin.o(.dtors)
 *crtbegin?.o(.dtors)
 *(EXCLUDE_FILE(*crtend.o *crtend?.o) .dtors)
 *(SORT(.dtors.*))
 *(.dtors)
                0x20001c80                __DTOR_END__ = .

.preinit_array  0x20001c80        0x0
                0x20001c80                PROVIDE (__preinit_array_start, .)
 *(.preinit_array*)
                0x20001c80                PROVIDE (__preinit_array_end, .)

.init_array     0x20001c80        0x4
                0x20001c80                PROVIDE (__init_array_start, .)
 *(SORT(.init_array.*))
 *(.init_array*)
 .init_array    0x20001c80        0x4 c:/nxp/s32ds_arm_v2018.r1/cross_tools/gcc-6.3-arm32-eabi/bin/../lib/gcc/arm-none-eabi/6.3.1/thumb/v6-m/crtbegin.o
                0x20001c84                PROVIDE (__init_array_end, .)

.fini_array     0x20001c84        0x4
                [!provide]                PROVIDE (__fini_array_start, .)
 *(SORT(.fini_array.*))
 *(.fini_array*)
 .fini_array    0x20001c84        0x4 c:/nxp/s32ds_arm_v2018.r1/cross_tools/gcc-6.3-arm32-eabi/bin/../lib/gcc/arm-none-eabi/6.3.1/thumb/v6-m/crtbegin.o
                [!provide]                PROVIDE (__fini_array_end, .)
                0x20001c88                __etext = .
                0x20001c88                __DATA_ROM = .
                0x20001c88                __DATA_END = __DATA_ROM

.customSectionBlock
                0x200030c0        0x0
                0x200030c0                __customSection_start__ = .
 *(.customSection)
                0x200030c0                __customSection_end__ = .

.data           0x200030c0      0x688
                0x200030c0                . = ALIGN (0x4)
                0x200030c0                __DATA_RAM = .
                0x200030c0                __data_start__ = .
 *(.data)
 *(.data*)
 .data.peripheralClockConfig.5857
                0x200030c0       0x73 ./SDK/platform/drivers/src/clock/S32K1xx/clock_S32K1xx.o
 *fill*         0x20003133        0x1 
 .data.g_pin_mux_InitConfigArr
                0x20003134      0x570 ./Generated_Code/pin_mux.o
                0x20003134                g_pin_mux_InitConfigArr
 .data.clockMan1_InitConfig0
                0x200036a4       0x78 ./Generated_Code/clockMan1.o
                0x200036a4                clockMan1_InitConfig0
 .data.g_clockManConfigsArr
                0x2000371c        0x4 ./Generated_Code/clockMan1.o
                0x2000371c                g_clockManConfigsArr
 .data.peripheralClockConfig0
                0x20003720       0x23 ./Generated_Code/clockMan1.o
                0x20003720                peripheralClockConfig0
 *(.jcr*)
 *fill*         0x20003743        0x1 
 .jcr           0x20003744        0x0 c:/nxp/s32ds_arm_v2018.r1/cross_tools/gcc-6.3-arm32-eabi/bin/../lib/gcc/arm-none-eabi/6.3.1/thumb/v6-m/crtbegin.o
 .jcr           0x20003744        0x4 c:/nxp/s32ds_arm_v2018.r1/cross_tools/gcc-6.3-arm32-eabi/bin/../lib/gcc/arm-none-eabi/6.3.1/thumb/v6-m/crtend.o
                0x20003748                . = ALIGN (0x4)
                0x20003748                __data_end__ = .

.tm_clone_table
                0x20003748        0x0
 .tm_clone_table
                0x20003748        0x0 c:/nxp/s32ds_arm_v2018.r1/cross_tools/gcc-6.3-arm32-eabi/bin/../lib/gcc/arm-none-eabi/6.3.1/thumb/v6-m/crtbegin.o
 .tm_clone_table
                0x20003748        0x0 c:/nxp/s32ds_arm_v2018.r1/cross_tools/gcc-6.3-arm32-eabi/bin/../lib/gcc/arm-none-eabi/6.3.1/thumb/v6-m/crtend.o

.igot.plt       0x20003748        0x0
 .igot.plt      0x20003748        0x0 c:/nxp/s32ds_arm_v2018.r1/cross_tools/gcc-6.3-arm32-eabi/bin/../lib/gcc/arm-none-eabi/6.3.1/thumb/v6-m/crtbegin.o

.bss            0x20003748       0x48
                0x20003748                . = ALIGN (0x4)
                0x20003748                __BSS_START = .
                0x20003748                __bss_start__ = .
 *(.bss)
 .bss           0x20003748       0x1c c:/nxp/s32ds_arm_v2018.r1/cross_tools/gcc-6.3-arm32-eabi/bin/../lib/gcc/arm-none-eabi/6.3.1/thumb/v6-m/crtbegin.o
 *(.bss*)
 .bss.g_interruptDisableCount
                0x20003764        0x4 ./SDK/platform/drivers/src/interrupt/interrupt_manager.o
 .bss.g_clockState
                0x20003768       0x10 ./SDK/platform/drivers/src/clock/clock_manager.o
 .bss.g_clockManCallbacksArr
                0x20003778        0x4 ./Generated_Code/clockMan1.o
                0x20003778                g_clockManCallbacksArr
 *(COMMON)
 COMMON         0x2000377c       0x14 ./SDK/platform/drivers/src/clock/S32K1xx/clock_S32K1xx.o
                0x2000377c                g_xtal0ClkFreq
                0x20003780                g_RtcClkInFreq
                0x20003784                g_TClkFreq
                0x20003790                . = ALIGN (0x4)
                0x20003790                __bss_end__ = .
                0x20003790                __BSS_END = .

.heap           0x20003790      0x200
                0x20003790                . = ALIGN (0x8)
                0x20003790                __end__ = .
                0x20003790                __heap_start__ = .
                [!provide]                PROVIDE (end, .)
                [!provide]                PROVIDE (_end, .)
                [!provide]                PROVIDE (__end, .)
                0x20003790                __HeapBase = .
                0x20003990                . = (. + HEAP_SIZE)
 *fill*         0x20003790      0x200 
                0x20003990                __HeapLimit = .
                0x20003990                __heap_limit = .
                0x20003990                __heap_end__ = .
                0x20005800                __StackTop = (ORIGIN (m_data) + LENGTH (m_data))
                0x20005600                __StackLimit = (__StackTop - STACK_SIZE)
                0x20005800                PROVIDE (__stack, __StackTop)

.stack          0x20005600      0x200
                0x20005600                . = ALIGN (0x8)
                0x20005600                __stack_start__ = .
                0x20005800                . = (. + STACK_SIZE)
 *fill*         0x20005600      0x200 
                0x20005800                __stack_end__ = .

.ARM.attributes
                0x00000000       0x28
 *(.ARM.attributes)
 .ARM.attributes
                0x00000000       0x1e c:/nxp/s32ds_arm_v2018.r1/cross_tools/gcc-6.3-arm32-eabi/bin/../lib/gcc/arm-none-eabi/6.3.1/thumb/v6-m/crti.o
 .ARM.attributes
                0x0000001e       0x2c c:/nxp/s32ds_arm_v2018.r1/cross_tools/gcc-6.3-arm32-eabi/bin/../lib/gcc/arm-none-eabi/6.3.1/thumb/v6-m/crtbegin.o
 .ARM.attributes
                0x0000004a       0x32 ./Sources/main.o
 .ARM.attributes
                0x0000007c       0x32 ./Sources/helper_functions.o
 .ARM.attributes
                0x000000ae       0x32 ./SDK/platform/drivers/src/pins/pins_port_hw_access.o
 .ARM.attributes
                0x000000e0       0x32 ./SDK/platform/drivers/src/pins/pins_driver.o
 .ARM.attributes
                0x00000112       0x32 ./SDK/platform/drivers/src/pdb/pdb_hw_access.o
 .ARM.attributes
                0x00000144       0x32 ./SDK/platform/drivers/src/pdb/pdb_driver.o
 .ARM.attributes
                0x00000176       0x32 ./SDK/platform/drivers/src/interrupt/interrupt_manager.o
 .ARM.attributes
                0x000001a8       0x32 ./SDK/platform/drivers/src/clock/clock_manager.o
 .ARM.attributes
                0x000001da       0x32 ./SDK/platform/drivers/src/clock/S32K1xx/clock_S32K1xx.o
 .ARM.attributes
                0x0000020c       0x32 ./SDK/platform/devices/startup.o
 .ARM.attributes
                0x0000023e       0x32 ./SDK/platform/devices/S32K118/startup/system_S32K118.o
 .ARM.attributes
                0x00000270       0x1b ./Project_Settings/Startup_Code/startup_S32K118.o
 .ARM.attributes
                0x0000028b       0x32 ./Generated_Code/pin_mux.o
 .ARM.attributes
                0x000002bd       0x32 ./Generated_Code/pdly1.o
 .ARM.attributes
                0x000002ef       0x32 ./Generated_Code/clockMan1.o
 .ARM.attributes
                0x00000321       0x1e c:/nxp/s32ds_arm_v2018.r1/cross_tools/gcc-6.3-arm32-eabi/bin/../lib/gcc/arm-none-eabi/6.3.1/thumb/v6-m\libgcc.a(_udivsi3.o)
 .ARM.attributes
                0x0000033f       0x1e c:/nxp/s32ds_arm_v2018.r1/cross_tools/gcc-6.3-arm32-eabi/bin/../lib/gcc/arm-none-eabi/6.3.1/thumb/v6-m\libgcc.a(_dvmd_tls.o)
 .ARM.attributes
                0x0000035d       0x2c c:/nxp/s32ds_arm_v2018.r1/cross_tools/gcc-6.3-arm32-eabi/bin/../lib/gcc/arm-none-eabi/6.3.1/thumb/v6-m/crtend.o
 .ARM.attributes
                0x00000389       0x1e c:/nxp/s32ds_arm_v2018.r1/cross_tools/gcc-6.3-arm32-eabi/bin/../lib/gcc/arm-none-eabi/6.3.1/thumb/v6-m/crtn.o
                0x00000001                ASSERT ((__StackLimit >= __HeapLimit), region m_data overflowed with stack and heap)

/DISCARD/
 *(.FlashConfig)
OUTPUT(pdb_periodic_interrupt_s32K118.elf elf32-littlearm)

.comment        0x00000000       0xa0
 .comment       0x00000000       0xa0 c:/nxp/s32ds_arm_v2018.r1/cross_tools/gcc-6.3-arm32-eabi/bin/../lib/gcc/arm-none-eabi/6.3.1/thumb/v6-m/crtbegin.o
                                 0xa1 (size before relaxing)
 .comment       0x000000a0       0xa1 ./Sources/main.o
 .comment       0x000000a0       0xa1 ./Sources/helper_functions.o
 .comment       0x000000a0       0xa1 ./SDK/platform/drivers/src/pins/pins_port_hw_access.o
 .comment       0x000000a0       0xa1 ./SDK/platform/drivers/src/pins/pins_driver.o
 .comment       0x000000a0       0xa1 ./SDK/platform/drivers/src/pdb/pdb_hw_access.o
 .comment       0x000000a0       0xa1 ./SDK/platform/drivers/src/pdb/pdb_driver.o
 .comment       0x000000a0       0xa1 ./SDK/platform/drivers/src/interrupt/interrupt_manager.o
 .comment       0x000000a0       0xa1 ./SDK/platform/drivers/src/clock/clock_manager.o
 .comment       0x000000a0       0xa1 ./SDK/platform/drivers/src/clock/S32K1xx/clock_S32K1xx.o
 .comment       0x000000a0       0xa1 ./SDK/platform/devices/startup.o
 .comment       0x000000a0       0xa1 ./SDK/platform/devices/S32K118/startup/system_S32K118.o
 .comment       0x000000a0       0xa1 ./Generated_Code/pin_mux.o
 .comment       0x000000a0       0xa1 ./Generated_Code/pdly1.o
 .comment       0x000000a0       0xa1 ./Generated_Code/clockMan1.o
 .comment       0x000000a0       0xa1 c:/nxp/s32ds_arm_v2018.r1/cross_tools/gcc-6.3-arm32-eabi/bin/../lib/gcc/arm-none-eabi/6.3.1/thumb/v6-m/crtend.o

.debug_info     0x00000000    0x10e68
 .debug_info    0x00000000     0x17fa ./Sources/main.o
 .debug_info    0x000017fa     0x1672 ./Sources/helper_functions.o
 .debug_info    0x00002e6c      0x903 ./SDK/platform/drivers/src/pins/pins_port_hw_access.o
 .debug_info    0x0000376f     0x147f ./SDK/platform/drivers/src/pins/pins_driver.o
 .debug_info    0x00004bee      0x966 ./SDK/platform/drivers/src/pdb/pdb_hw_access.o
 .debug_info    0x00005554     0x18db ./SDK/platform/drivers/src/pdb/pdb_driver.o
 .debug_info    0x00006e2f      0x8dd ./SDK/platform/drivers/src/interrupt/interrupt_manager.o
 .debug_info    0x0000770c     0x130a ./SDK/platform/drivers/src/clock/clock_manager.o
 .debug_info    0x00008a16     0x4e7a ./SDK/platform/drivers/src/clock/S32K1xx/clock_S32K1xx.o
 .debug_info    0x0000d890      0x24f ./SDK/platform/devices/startup.o
 .debug_info    0x0000dadf      0x3f3 ./SDK/platform/devices/S32K118/startup/system_S32K118.o
 .debug_info    0x0000ded2       0x26 ./Project_Settings/Startup_Code/startup_S32K118.o
 .debug_info    0x0000def8      0x404 ./Generated_Code/pin_mux.o
 .debug_info    0x0000e2fc     0x15a2 ./Generated_Code/pdly1.o
 .debug_info    0x0000f89e     0x15ca ./Generated_Code/clockMan1.o

.debug_abbrev   0x00000000     0x1b73
 .debug_abbrev  0x00000000      0x1ce ./Sources/main.o
 .debug_abbrev  0x000001ce      0x189 ./Sources/helper_functions.o
 .debug_abbrev  0x00000357      0x1bd ./SDK/platform/drivers/src/pins/pins_port_hw_access.o
 .debug_abbrev  0x00000514      0x318 ./SDK/platform/drivers/src/pins/pins_driver.o
 .debug_abbrev  0x0000082c      0x25f ./SDK/platform/drivers/src/pdb/pdb_hw_access.o
 .debug_abbrev  0x00000a8b      0x396 ./SDK/platform/drivers/src/pdb/pdb_driver.o
 .debug_abbrev  0x00000e21      0x245 ./SDK/platform/drivers/src/interrupt/interrupt_manager.o
 .debug_abbrev  0x00001066      0x20a ./SDK/platform/drivers/src/clock/clock_manager.o
 .debug_abbrev  0x00001270      0x397 ./SDK/platform/drivers/src/clock/S32K1xx/clock_S32K1xx.o
 .debug_abbrev  0x00001607       0xd2 ./SDK/platform/devices/startup.o
 .debug_abbrev  0x000016d9      0x14c ./SDK/platform/devices/S32K118/startup/system_S32K118.o
 .debug_abbrev  0x00001825       0x14 ./Project_Settings/Startup_Code/startup_S32K118.o
 .debug_abbrev  0x00001839       0xcd ./Generated_Code/pin_mux.o
 .debug_abbrev  0x00001906      0x130 ./Generated_Code/pdly1.o
 .debug_abbrev  0x00001a36      0x13d ./Generated_Code/clockMan1.o

.debug_aranges  0x00000000      0x4b0
 .debug_aranges
                0x00000000       0x30 ./Sources/main.o
 .debug_aranges
                0x00000030       0x20 ./Sources/helper_functions.o
 .debug_aranges
                0x00000050       0x30 ./SDK/platform/drivers/src/pins/pins_port_hw_access.o
 .debug_aranges
                0x00000080       0xd0 ./SDK/platform/drivers/src/pins/pins_driver.o
 .debug_aranges
                0x00000150       0x58 ./SDK/platform/drivers/src/pdb/pdb_hw_access.o
 .debug_aranges
                0x000001a8       0xc0 ./SDK/platform/drivers/src/pdb/pdb_driver.o
 .debug_aranges
                0x00000268       0x68 ./SDK/platform/drivers/src/interrupt/interrupt_manager.o
 .debug_aranges
                0x000002d0       0x38 ./SDK/platform/drivers/src/clock/clock_manager.o
 .debug_aranges
                0x00000308       0xf0 ./SDK/platform/drivers/src/clock/S32K1xx/clock_S32K1xx.o
 .debug_aranges
                0x000003f8       0x20 ./SDK/platform/devices/startup.o
 .debug_aranges
                0x00000418       0x30 ./SDK/platform/devices/S32K118/startup/system_S32K118.o
 .debug_aranges
                0x00000448       0x20 ./Project_Settings/Startup_Code/startup_S32K118.o
 .debug_aranges
                0x00000468       0x18 ./Generated_Code/pin_mux.o
 .debug_aranges
                0x00000480       0x18 ./Generated_Code/pdly1.o
 .debug_aranges
                0x00000498       0x18 ./Generated_Code/clockMan1.o

.debug_ranges   0x00000000      0x600
 .debug_ranges  0x00000000       0x20 ./Sources/main.o
 .debug_ranges  0x00000020       0x10 ./Sources/helper_functions.o
 .debug_ranges  0x00000030       0x20 ./SDK/platform/drivers/src/pins/pins_port_hw_access.o
 .debug_ranges  0x00000050       0xd8 ./SDK/platform/drivers/src/pins/pins_driver.o
 .debug_ranges  0x00000128       0x98 ./SDK/platform/drivers/src/pdb/pdb_hw_access.o
 .debug_ranges  0x000001c0       0xb0 ./SDK/platform/drivers/src/pdb/pdb_driver.o
 .debug_ranges  0x00000270       0x88 ./SDK/platform/drivers/src/interrupt/interrupt_manager.o
 .debug_ranges  0x000002f8       0x28 ./SDK/platform/drivers/src/clock/clock_manager.o
 .debug_ranges  0x00000320      0x2b0 ./SDK/platform/drivers/src/clock/S32K1xx/clock_S32K1xx.o
 .debug_ranges  0x000005d0       0x10 ./SDK/platform/devices/startup.o
 .debug_ranges  0x000005e0       0x20 ./SDK/platform/devices/S32K118/startup/system_S32K118.o

.debug_macro    0x00000000    0x1b402
 .debug_macro   0x00000000      0x15e ./Sources/main.o
 .debug_macro   0x0000015e      0x8c2 ./Sources/main.o
 .debug_macro   0x00000a20       0x10 ./Sources/main.o
 .debug_macro   0x00000a30       0x6b ./Sources/main.o
 .debug_macro   0x00000a9b       0x16 ./Sources/main.o
 .debug_macro   0x00000ab1       0x22 ./Sources/main.o
 .debug_macro   0x00000ad3       0x4f ./Sources/main.o
 .debug_macro   0x00000b22       0x51 ./Sources/main.o
 .debug_macro   0x00000b73       0xef ./Sources/main.o
 .debug_macro   0x00000c62       0x6a ./Sources/main.o
 .debug_macro   0x00000ccc      0x1df ./Sources/main.o
 .debug_macro   0x00000eab     0xc64c ./Sources/main.o
 .debug_macro   0x0000d4f7      0x87f ./Sources/main.o
 .debug_macro   0x0000dd76       0x22 ./Sources/main.o
 .debug_macro   0x0000dd98       0x83 ./Sources/main.o
 .debug_macro   0x0000de1b       0x22 ./Sources/main.o
 .debug_macro   0x0000de3d       0x16 ./Sources/main.o
 .debug_macro   0x0000de53      0x16d ./Sources/main.o
 .debug_macro   0x0000dfc0       0x10 ./Sources/main.o
 .debug_macro   0x0000dfd0      0x146 ./Sources/helper_functions.o
 .debug_macro   0x0000e116     0xc65e ./Sources/helper_functions.o
 .debug_macro   0x0001a774       0xdd ./SDK/platform/drivers/src/pins/pins_port_hw_access.o
 .debug_macro   0x0001a851       0xdd ./SDK/platform/drivers/src/pins/pins_driver.o
 .debug_macro   0x0001a92e       0xda ./SDK/platform/drivers/src/pdb/pdb_hw_access.o
 .debug_macro   0x0001aa08       0x10 ./SDK/platform/drivers/src/pdb/pdb_hw_access.o
 .debug_macro   0x0001aa18       0xe4 ./SDK/platform/drivers/src/pdb/pdb_driver.o
 .debug_macro   0x0001aafc       0xb6 ./SDK/platform/drivers/src/interrupt/interrupt_manager.o
 .debug_macro   0x0001abb2       0xdc ./SDK/platform/drivers/src/clock/clock_manager.o
 .debug_macro   0x0001ac8e      0x277 ./SDK/platform/drivers/src/clock/S32K1xx/clock_S32K1xx.o
 .debug_macro   0x0001af05       0xb6 ./SDK/platform/devices/startup.o
 .debug_macro   0x0001afbb       0x40 ./SDK/platform/devices/startup.o
 .debug_macro   0x0001affb       0xb5 ./SDK/platform/devices/S32K118/startup/system_S32K118.o
 .debug_macro   0x0001b0b0       0xdc ./Generated_Code/pin_mux.o
 .debug_macro   0x0001b18c      0x141 ./Generated_Code/pdly1.o
 .debug_macro   0x0001b2cd      0x135 ./Generated_Code/clockMan1.o

.debug_line     0x00000000     0x5a04
 .debug_line    0x00000000      0x5e7 ./Sources/main.o
 .debug_line    0x000005e7      0x5d1 ./Sources/helper_functions.o
 .debug_line    0x00000bb8      0x52f ./SDK/platform/drivers/src/pins/pins_port_hw_access.o
 .debug_line    0x000010e7      0x73a ./SDK/platform/drivers/src/pins/pins_driver.o
 .debug_line    0x00001821      0x662 ./SDK/platform/drivers/src/pdb/pdb_hw_access.o
 .debug_line    0x00001e83      0x7f1 ./SDK/platform/drivers/src/pdb/pdb_driver.o
 .debug_line    0x00002674      0x5d5 ./SDK/platform/drivers/src/interrupt/interrupt_manager.o
 .debug_line    0x00002c49      0x546 ./SDK/platform/drivers/src/clock/clock_manager.o
 .debug_line    0x0000318f     0x120a ./SDK/platform/drivers/src/clock/S32K1xx/clock_S32K1xx.o
 .debug_line    0x00004399      0x38f ./SDK/platform/devices/startup.o
 .debug_line    0x00004728      0x408 ./SDK/platform/devices/S32K118/startup/system_S32K118.o
 .debug_line    0x00004b30       0xcf ./Project_Settings/Startup_Code/startup_S32K118.o
 .debug_line    0x00004bff      0x3db ./Generated_Code/pin_mux.o
 .debug_line    0x00004fda      0x513 ./Generated_Code/pdly1.o
 .debug_line    0x000054ed      0x517 ./Generated_Code/clockMan1.o

.debug_str      0x00000000    0x5c9a0
 .debug_str     0x00000000    0x59500 ./Sources/main.o
                              0x5973c (size before relaxing)
 .debug_str     0x00059500       0x86 ./Sources/helper_functions.o
                              0x5962e (size before relaxing)
 .debug_str     0x00059586      0x1b5 ./SDK/platform/drivers/src/pins/pins_port_hw_access.o
                              0x57dcb (size before relaxing)
 .debug_str     0x0005973b      0x48a ./SDK/platform/drivers/src/pins/pins_driver.o
                              0x5821b (size before relaxing)
 .debug_str     0x00059bc5      0x1fe ./SDK/platform/drivers/src/pdb/pdb_hw_access.o
                              0x576bb (size before relaxing)
 .debug_str     0x00059dc3      0x610 ./SDK/platform/drivers/src/pdb/pdb_driver.o
                              0x588cc (size before relaxing)
 .debug_str     0x0005a3d3      0x22f ./SDK/platform/drivers/src/interrupt/interrupt_manager.o
                              0x571c0 (size before relaxing)
 .debug_str     0x0005a602      0x1ba ./SDK/platform/drivers/src/clock/clock_manager.o
                              0x58f19 (size before relaxing)
 .debug_str     0x0005a7bc     0x1cf4 ./SDK/platform/drivers/src/clock/S32K1xx/clock_S32K1xx.o
                              0x5a8b8 (size before relaxing)
 .debug_str     0x0005c4b0      0x34d ./SDK/platform/devices/startup.o
                              0x570f9 (size before relaxing)
 .debug_str     0x0005c7fd       0xd3 ./SDK/platform/devices/S32K118/startup/system_S32K118.o
                              0x56f4a (size before relaxing)
 .debug_str     0x0005c8d0       0x7c ./Project_Settings/Startup_Code/startup_S32K118.o
                                 0xf3 (size before relaxing)
 .debug_str     0x0005c94c       0x1c ./Generated_Code/pin_mux.o
                              0x57462 (size before relaxing)
 .debug_str     0x0005c968       0x1a ./Generated_Code/pdly1.o
                              0x5957f (size before relaxing)
 .debug_str     0x0005c982       0x1e ./Generated_Code/clockMan1.o
                              0x59583 (size before relaxing)

.debug_frame    0x00000000      0x9e4
 .debug_frame   0x00000000       0x5c ./Sources/main.o
 .debug_frame   0x0000005c       0x30 ./Sources/helper_functions.o
 .debug_frame   0x0000008c       0x5c ./SDK/platform/drivers/src/pins/pins_port_hw_access.o
 .debug_frame   0x000000e8      0x1e0 ./SDK/platform/drivers/src/pins/pins_driver.o
 .debug_frame   0x000002c8       0xec ./SDK/platform/drivers/src/pdb/pdb_hw_access.o
 .debug_frame   0x000003b4      0x1a8 ./SDK/platform/drivers/src/pdb/pdb_driver.o
 .debug_frame   0x0000055c       0xc8 ./SDK/platform/drivers/src/interrupt/interrupt_manager.o
 .debug_frame   0x00000624       0x70 ./SDK/platform/drivers/src/clock/clock_manager.o
 .debug_frame   0x00000694      0x2bc ./SDK/platform/drivers/src/clock/S32K1xx/clock_S32K1xx.o
 .debug_frame   0x00000950       0x2c ./SDK/platform/devices/startup.o
 .debug_frame   0x0000097c       0x48 ./SDK/platform/devices/S32K118/startup/system_S32K118.o
 .debug_frame   0x000009c4       0x20 c:/nxp/s32ds_arm_v2018.r1/cross_tools/gcc-6.3-arm32-eabi/bin/../lib/gcc/arm-none-eabi/6.3.1/thumb/v6-m\libgcc.a(_udivsi3.o)

.debug_loc      0x00000000     0x62fd
 .debug_loc     0x00000000      0x1c8 ./Sources/helper_functions.o
 .debug_loc     0x000001c8      0x338 ./SDK/platform/drivers/src/pins/pins_port_hw_access.o
 .debug_loc     0x00000500      0xae1 ./SDK/platform/drivers/src/pins/pins_driver.o
 .debug_loc     0x00000fe1      0x6e5 ./SDK/platform/drivers/src/pdb/pdb_hw_access.o
 .debug_loc     0x000016c6      0x7e8 ./SDK/platform/drivers/src/pdb/pdb_driver.o
 .debug_loc     0x00001eae      0x559 ./SDK/platform/drivers/src/interrupt/interrupt_manager.o
 .debug_loc     0x00002407      0x211 ./SDK/platform/drivers/src/clock/clock_manager.o
 .debug_loc     0x00002618     0x3bf3 ./SDK/platform/drivers/src/clock/S32K1xx/clock_S32K1xx.o
 .debug_loc     0x0000620b       0x32 ./SDK/platform/devices/startup.o
 .debug_loc     0x0000623d       0xc0 ./SDK/platform/devices/S32K118/startup/system_S32K118.o
